[23:48:55] len=77 line=1
  F0 47 7F 15 18 00 45 00 20 20 20 20 20 20 20 20 ...
[23:48:55] len=77 line=2
  F0 47 7F 15 19 00 45 00 20 20 20 20 20 20 20 20 ...
[23:48:55] len=77 line=3
  F0 47 7F 15 1A 00 45 00 20 20 20 20 20 20 20 20 ...
[23:48:55] len=77 line=4
  F0 47 7F 15 1B 00 45 00 20 20 20 20 20 20 20 20 ...
[23:48:55] len=77 line=2
  F0 47 7F 15 19 00 45 00 00 01 02 03 04 05 06 07 ...
[23:48:55] len=77 line=3
  F0 47 7F 15 1A 00 45 00 44 45 46 47 48 49 4A 4B ...
[23:48:55] len=77 line=4
  F0 47 7F 15 1B 00 45 00 41 4C 4C 20 31 32 38 20 ...
[23:48:55] len=77 line=1
  F0 47 7F 15 18 00 45 00 5B 23 23 23 2D 2D 2D 5D ...
[23:48:57] len=77 line=1
  F0 47 7F 15 18 00 45 00 5B 23 23 23 2D 2D 2D 5D ...
[23:48:57] len=77 line=1
  F0 47 7F 15 18 00 45 00 5B 23 23 23 2D 2D 2D 5D ...
[23:48:57] len=77 line=1
  F0 47 7F 15 18 00 45 00 5B 23 23 23 2D 2D 2D 5D ...
[23:48:57] len=77 line=1
  F0 47 7F 15 18 00 45 00 5B 23 23 23 2D 2D 2D 5D ...
[23:48:57] len=77 line=1
  F0 47 7F 15 18 00 45 00 5B 23 23 23 2D 2D 2D 5D ...
[23:48:57] len=77 line=1
  F0 47 7F 15 18 00 45 00 5B 23 23 23 2D 2D 2D 5D ...
[23:48:57] len=77 line=1
  F0 47 7F 15 18 00 45 00 5B 23 23 23 2D 2D 2D 5D ...
[23:48:57] len=77 line=1
  F0 47 7F 15 18 00 45 00 5B 23 23 23 2D 2D 2D 5D ...
[23:48:57] len=77 line=1
  F0 47 7F 15 18 00 45 00 5B 23 23 23 2D 2D 2D 5D ...
[23:48:57] len=77 line=1
  F0 47 7F 15 18 00 45 00 5B 23 23 23 2D 2D 2D 5D ...
[23:48:57] len=77 line=1
  F0 47 7F 15 18 00 45 00 5B 23 23 23 2D 2D 2D 5D ...
[23:48:57] len=77 line=1
  F0 47 7F 15 18 00 45 00 5B 23 23 23 2D 2D 2D 5D ...
[23:48:57] len=77 line=1
  F0 47 7F 15 18 00 45 00 5B 23 23 23 2D 2D 2D 5D ...
[23:48:57] len=77 line=1
  F0 47 7F 15 18 00 45 00 5B 23 23 23 2D 2D 2D 5D ...
[23:48:58] len=77 line=1
  F0 47 7F 15 18 00 45 00 5B 23 23 23 2D 2D 2D 5D ...
[23:48:58] len=77 line=1
  F0 47 7F 15 18 00 45 00 5B 23 23 23 2D 2D 2D 5D ...
[23:48:58] len=77 line=1
  F0 47 7F 15 18 00 45 00 5B 23 23 23 2D 2D 2D 5D ...
[23:48:58] len=77 line=1
  F0 47 7F 15 18 00 45 00 5B 23 23 23 2D 2D 2D 5D ...
[23:48:58] len=77 line=1
  F0 47 7F 15 18 00 45 00 5B 23 23 23 2D 2D 2D 5D ...
[23:48:58] len=77 line=1
  F0 47 7F 15 18 00 45 00 5B 23 23 2D 2D 2D 2D 5D ...
[23:48:58] len=77 line=1
  F0 47 7F 15 18 00 45 00 5B 23 23 2D 2D 2D 2D 5D ...
[23:48:58] len=77 line=1
  F0 47 7F 15 18 00 45 00 5B 23 23 2D 2D 2D 2D 5D ...
[23:48:58] len=77 line=1
  F0 47 7F 15 18 00 45 00 5B 23 23 2D 2D 2D 2D 5D ...
[23:48:58] len=77 line=1
  F0 47 7F 15 18 00 45 00 5B 23 23 2D 2D 2D 2D 5D ...
[23:48:58] len=77 line=1
  F0 47 7F 15 18 00 45 00 5B 23 23 2D 2D 2D 2D 5D ...
[23:48:58] len=77 line=1
  F0 47 7F 15 18 00 45 00 5B 23 23 2D 2D 2D 2D 5D ...
[23:48:58] len=77 line=1
  F0 47 7F 15 18 00 45 00 5B 23 23 2D 2D 2D 2D 5D ...
[23:48:58] len=77 line=1
  F0 47 7F 15 18 00 45 00 5B 23 23 2D 2D 2D 2D 5D ...
[23:48:58] len=77 line=1
  F0 47 7F 15 18 00 45 00 5B 23 23 2D 2D 2D 2D 5D ...
[23:48:58] len=77 line=1
  F0 47 7F 15 18 00 45 00 5B 23 23 2D 2D 2D 2D 5D ...
[23:48:58] len=77 line=1
  F0 47 7F 15 18 00 45 00 5B 23 2D 2D 2D 2D 2D 5D ...
[23:48:58] len=77 line=1
  F0 47 7F 15 18 00 45 00 5B 23 2D 2D 2D 2D 2D 5D ...
[23:48:58] len=77 line=1
  F0 47 7F 15 18 00 45 00 5B 23 2D 2D 2D 2D 2D 5D ...
[23:48:58] len=77 line=1
  F0 47 7F 15 18 00 45 00 5B 23 2D 2D 2D 2D 2D 5D ...
[23:48:58] len=77 line=1
  F0 47 7F 15 18 00 45 00 5B 23 2D 2D 2D 2D 2D 5D ...
[23:48:58] len=77 line=1
  F0 47 7F 15 18 00 45 00 5B 23 2D 2D 2D 2D 2D 5D ...
[23:48:58] len=77 line=1
  F0 47 7F 15 18 00 45 00 5B 23 2D 2D 2D 2D 2D 5D ...
[23:48:58] len=77 line=1
  F0 47 7F 15 18 00 45 00 5B 23 2D 2D 2D 2D 2D 5D ...
[23:48:58] len=77 line=1
  F0 47 7F 15 18 00 45 00 5B 23 2D 2D 2D 2D 2D 5D ...
[23:48:59] len=77 line=1
  F0 47 7F 15 18 00 45 00 5B 23 2D 2D 2D 2D 2D 5D ...
[23:48:59] len=77 line=1
  F0 47 7F 15 18 00 45 00 5B 23 2D 2D 2D 2D 2D 5D ...
[23:48:59] len=77 line=1
  F0 47 7F 15 18 00 45 00 5B 23 2D 2D 2D 2D 2D 5D ...
[23:48:59] len=77 line=1
  F0 47 7F 15 18 00 45 00 5B 23 2D 2D 2D 2D 2D 5D ...
[23:48:59] len=77 line=1
  F0 47 7F 15 18 00 45 00 5B 23 2D 2D 2D 2D 2D 5D ...
[23:48:59] len=77 line=1
  F0 47 7F 15 18 00 45 00 5B 23 2D 2D 2D 2D 2D 5D ...
[23:48:59] len=77 line=1
  F0 47 7F 15 18 00 45 00 5B 23 2D 2D 2D 2D 2D 5D ...
[23:48:59] len=77 line=1
  F0 47 7F 15 18 00 45 00 5B 2D 2D 2D 2D 2D 2D 5D ...
[23:48:59] len=77 line=1
  F0 47 7F 15 18 00 45 00 5B 2D 2D 2D 2D 2D 2D 5D ...
[23:48:59] len=77 line=1
  F0 47 7F 15 18 00 45 00 5B 2D 2D 2D 2D 2D 2D 5D ...
[23:48:59] len=77 line=1
  F0 47 7F 15 18 00 45 00 5B 2D 2D 2D 2D 2D 2D 5D ...
[23:48:59] len=77 line=1
  F0 47 7F 15 18 00 45 00 5B 2D 2D 2D 2D 2D 2D 5D ...
[23:48:59] len=77 line=1
  F0 47 7F 15 18 00 45 00 5B 2D 2D 2D 2D 2D 2D 5D ...
[23:48:59] len=77 line=1
  F0 47 7F 15 18 00 45 00 5B 2D 2D 2D 2D 2D 2D 5D ...
[23:48:59] len=77 line=1
  F0 47 7F 15 18 00 45 00 5B 2D 2D 2D 2D 2D 2D 5D ...
[23:48:59] len=77 line=1
  F0 47 7F 15 18 00 45 00 5B 2D 2D 2D 2D 2D 2D 5D ...
[23:48:59] len=77 line=1
  F0 47 7F 15 18 00 45 00 5B 2D 2D 2D 2D 2D 2D 5D ...
[23:48:59] len=77 line=1
  F0 47 7F 15 18 00 45 00 5B 2D 2D 2D 2D 2D 2D 5D ...
[23:48:59] len=77 line=1
  F0 47 7F 15 18 00 45 00 5B 23 2D 2D 2D 2D 2D 5D ...
[23:48:59] len=77 line=1
  F0 47 7F 15 18 00 45 00 5B 23 2D 2D 2D 2D 2D 5D ...
[23:48:59] len=77 line=1
  F0 47 7F 15 18 00 45 00 5B 23 2D 2D 2D 2D 2D 5D ...
[23:48:59] len=77 line=1
  F0 47 7F 15 18 00 45 00 5B 23 2D 2D 2D 2D 2D 5D ...
[23:48:59] len=77 line=1
  F0 47 7F 15 18 00 45 00 5B 23 2D 2D 2D 2D 2D 5D ...
[23:48:59] len=77 line=1
  F0 47 7F 15 18 00 45 00 5B 23 2D 2D 2D 2D 2D 5D ...
[23:48:59] len=77 line=1
  F0 47 7F 15 18 00 45 00 5B 23 2D 2D 2D 2D 2D 5D ...
[23:48:59] len=77 line=1
  F0 47 7F 15 18 00 45 00 5B 23 2D 2D 2D 2D 2D 5D ...
[23:48:59] len=77 line=1
  F0 47 7F 15 18 00 45 00 5B 23 2D 2D 2D 2D 2D 5D ...
[23:48:59] len=77 line=1
  F0 47 7F 15 18 00 45 00 5B 23 2D 2D 2D 2D 2D 5D ...
[23:48:59] len=77 line=1
  F0 47 7F 15 18 00 45 00 5B 23 2D 2D 2D 2D 2D 5D ...
[23:48:59] len=77 line=1
  F0 47 7F 15 18 00 45 00 5B 23 23 2D 2D 2D 2D 5D ...
[23:48:59] len=77 line=1
  F0 47 7F 15 18 00 45 00 5B 23 23 2D 2D 2D 2D 5D ...
[23:48:59] len=77 line=1
  F0 47 7F 15 18 00 45 00 5B 23 23 2D 2D 2D 2D 5D ...
[23:48:59] len=77 line=1
  F0 47 7F 15 18 00 45 00 5B 23 23 2D 2D 2D 2D 5D ...
[23:48:59] len=77 line=1
  F0 47 7F 15 18 00 45 00 5B 23 23 2D 2D 2D 2D 5D ...
[23:48:59] len=77 line=1
  F0 47 7F 15 18 00 45 00 5B 23 23 2D 2D 2D 2D 5D ...
[23:48:59] len=77 line=1
  F0 47 7F 15 18 00 45 00 5B 23 23 2D 2D 2D 2D 5D ...
[23:48:59] len=77 line=1
  F0 47 7F 15 18 00 45 00 5B 23 23 2D 2D 2D 2D 5D ...
[23:48:59] len=77 line=1
  F0 47 7F 15 18 00 45 00 5B 23 23 2D 2D 2D 2D 5D ...
[23:48:59] len=77 line=1
  F0 47 7F 15 18 00 45 00 5B 23 23 2D 2D 2D 2D 5D ...
[23:48:59] len=77 line=1
  F0 47 7F 15 18 00 45 00 5B 23 23 2D 2D 2D 2D 5D ...
[23:48:59] len=77 line=1
  F0 47 7F 15 18 00 45 00 5B 23 23 2D 2D 2D 2D 5D ...
[23:48:59] len=77 line=1
  F0 47 7F 15 18 00 45 00 5B 23 23 23 2D 2D 2D 5D ...
[23:48:59] len=77 line=1
  F0 47 7F 15 18 00 45 00 5B 23 23 23 2D 2D 2D 5D ...
[23:48:59] len=77 line=1
  F0 47 7F 15 18 00 45 00 5B 23 23 23 2D 2D 2D 5D ...
[23:48:59] len=77 line=1
  F0 47 7F 15 18 00 45 00 5B 23 23 23 2D 2D 2D 5D ...
[23:48:59] len=77 line=1
  F0 47 7F 15 18 00 45 00 5B 23 23 23 2D 2D 2D 5D ...
[23:48:59] len=77 line=1
  F0 47 7F 15 18 00 45 00 5B 23 23 23 2D 2D 2D 5D ...
[23:48:59] len=77 line=1
  F0 47 7F 15 18 00 45 00 5B 23 23 23 2D 2D 2D 5D ...
[23:48:59] len=77 line=1
  F0 47 7F 15 18 00 45 00 5B 23 23 23 23 2D 2D 5D ...
[23:48:59] len=77 line=1
  F0 47 7F 15 18 00 45 00 5B 23 23 23 23 2D 2D 5D ...
[23:48:59] len=77 line=1
  F0 47 7F 15 18 00 45 00 5B 23 23 23 23 2D 2D 5D ...
[23:48:59] len=77 line=1
  F0 47 7F 15 18 00 45 00 5B 23 23 23 23 2D 2D 5D ...
[23:48:59] len=77 line=1
  F0 47 7F 15 18 00 45 00 5B 23 23 23 23 2D 2D 5D ...
[23:48:59] len=77 line=1
  F0 47 7F 15 18 00 45 00 5B 23 23 23 23 23 2D 5D ...
[23:48:59] len=77 line=1
  F0 47 7F 15 18 00 45 00 5B 23 23 23 23 23 2D 5D ...
[23:48:59] len=77 line=1
  F0 47 7F 15 18 00 45 00 5B 23 23 23 23 23 2D 5D ...
[23:48:59] len=77 line=1
  F0 47 7F 15 18 00 45 00 5B 23 23 23 23 23 2D 5D ...
[23:48:59] len=77 line=1
  F0 47 7F 15 18 00 45 00 5B 23 23 23 23 23 23 5D ...
[23:48:59] len=77 line=1
  F0 47 7F 15 18 00 45 00 5B 23 23 23 23 23 23 5D ...
[23:48:59] len=77 line=1
  F0 47 7F 15 18 00 45 00 5B 23 23 23 23 23 23 5D ...
[23:48:59] len=77 line=1
  F0 47 7F 15 18 00 45 00 5B 23 23 23 23 23 23 5D ...
[23:48:59] len=77 line=1
  F0 47 7F 15 18 00 45 00 5B 23 23 23 23 23 23 5D ...
[23:48:59] len=77 line=1
  F0 47 7F 15 18 00 45 00 5B 23 23 23 23 23 23 5D ...
[23:48:59] len=77 line=1
  F0 47 7F 15 18 00 45 00 5B 23 23 23 23 23 23 5D ...
[23:48:59] len=77 line=1
  F0 47 7F 15 18 00 45 00 5B 23 23 23 23 23 23 5D ...
[23:48:59] len=77 line=1
  F0 47 7F 15 18 00 45 00 5B 23 23 23 23 23 23 5D ...
[23:48:59] len=77 line=1
  F0 47 7F 15 18 00 45 00 5B 23 23 23 23 23 23 5D ...
[23:48:59] len=77 line=1
  F0 47 7F 15 18 00 45 00 5B 23 23 23 23 23 23 5D ...
[23:48:59] len=77 line=1
  F0 47 7F 15 18 00 45 00 5B 23 23 23 23 23 23 5D ...
[23:48:59] len=77 line=1
  F0 47 7F 15 18 00 45 00 5B 23 23 23 23 23 23 5D ...
[23:48:59] len=77 line=1
  F0 47 7F 15 18 00 45 00 5B 23 23 23 23 23 23 5D ...
[23:48:59] len=77 line=1
  F0 47 7F 15 18 00 45 00 5B 23 23 23 23 23 23 5D ...
[23:48:59] len=77 line=1
  F0 47 7F 15 18 00 45 00 5B 23 23 23 23 23 23 5D ...
[23:48:59] len=77 line=1
  F0 47 7F 15 18 00 45 00 5B 23 23 23 23 23 23 5D ...
[23:48:59] len=77 line=1
  F0 47 7F 15 18 00 45 00 5B 23 23 23 23 23 23 5D ...
[23:49:00] len=77 line=1
  F0 47 7F 15 18 00 45 00 5B 23 23 23 23 23 23 5D ...
[23:49:00] len=77 line=1
  F0 47 7F 15 18 00 45 00 5B 23 23 23 23 23 23 5D ...
[23:49:00] len=77 line=1
  F0 47 7F 15 18 00 45 00 5B 23 23 23 23 23 23 5D ...
[23:49:00] len=77 line=1
  F0 47 7F 15 18 00 45 00 5B 23 23 23 23 23 23 5D ...
[23:49:00] len=77 line=1
  F0 47 7F 15 18 00 45 00 5B 23 23 23 23 23 23 5D ...
[23:49:00] len=77 line=1
  F0 47 7F 15 18 00 45 00 5B 23 23 23 23 23 23 5D ...
[23:49:00] len=77 line=1
  F0 47 7F 15 18 00 45 00 5B 23 23 23 23 23 23 5D ...
[23:49:00] len=77 line=1
  F0 47 7F 15 18 00 45 00 5B 23 23 23 23 23 23 5D ...
[23:49:00] len=77 line=1
  F0 47 7F 15 18 00 45 00 5B 23 23 23 23 23 23 5D ...
[23:49:00] len=77 line=1
  F0 47 7F 15 18 00 45 00 5B 23 23 23 23 23 23 5D ...
[23:49:00] len=77 line=1
  F0 47 7F 15 18 00 45 00 5B 23 23 23 23 23 23 5D ...
[23:49:00] len=77 line=1
  F0 47 7F 15 18 00 45 00 5B 23 23 23 23 23 23 5D ...
[23:49:00] len=77 line=1
  F0 47 7F 15 18 00 45 00 5B 23 23 23 23 23 23 5D ...
[23:49:00] len=77 line=1
  F0 47 7F 15 18 00 45 00 5B 23 23 23 23 23 23 5D ...
[23:49:00] len=77 line=1
  F0 47 7F 15 18 00 45 00 5B 23 23 23 23 23 23 5D ...
[23:49:00] len=77 line=1
  F0 47 7F 15 18 00 45 00 5B 23 23 23 23 23 23 5D ...
[23:49:00] len=77 line=1
  F0 47 7F 15 18 00 45 00 5B 23 23 23 23 23 23 5D ...
[23:49:00] len=77 line=1
  F0 47 7F 15 18 00 45 00 5B 23 23 23 23 23 23 5D ...
[23:49:00] len=77 line=1
  F0 47 7F 15 18 00 45 00 5B 23 23 23 23 23 23 5D ...
[23:49:00] len=77 line=1
  F0 47 7F 15 18 00 45 00 5B 23 23 23 23 23 23 5D ...
[23:49:00] len=77 line=1
  F0 47 7F 15 18 00 45 00 5B 23 23 23 23 23 23 5D ...
[23:49:00] len=77 line=1
  F0 47 7F 15 18 00 45 00 5B 23 23 23 23 23 23 5D ...
[23:49:00] len=77 line=1
  F0 47 7F 15 18 00 45 00 5B 23 23 23 23 23 23 5D ...
[23:49:00] len=77 line=1
  F0 47 7F 15 18 00 45 00 5B 23 23 23 23 23 23 5D ...
[23:49:00] len=77 line=1
  F0 47 7F 15 18 00 45 00 5B 23 23 23 23 23 23 5D ...
[23:49:00] len=77 line=1
  F0 47 7F 15 18 00 45 00 5B 23 23 23 23 23 23 5D ...
[23:49:00] len=77 line=1
  F0 47 7F 15 18 00 45 00 5B 23 23 23 23 23 23 5D ...
[23:49:00] len=77 line=1
  F0 47 7F 15 18 00 45 00 5B 23 23 23 23 23 23 5D ...
[23:49:00] len=77 line=1
  F0 47 7F 15 18 00 45 00 5B 23 23 23 23 23 23 5D ...
[23:49:00] len=77 line=1
  F0 47 7F 15 18 00 45 00 5B 23 23 23 23 23 23 5D ...
[23:49:00] len=77 line=1
  F0 47 7F 15 18 00 45 00 5B 23 23 23 23 23 23 5D ...
[23:49:00] len=77 line=1
  F0 47 7F 15 18 00 45 00 5B 23 23 23 23 23 23 5D ...
[23:49:00] len=77 line=1
  F0 47 7F 15 18 00 45 00 5B 23 23 23 23 23 23 5D ...
[23:49:00] len=77 line=1
  F0 47 7F 15 18 00 45 00 5B 23 23 23 23 23 23 5D ...
[23:49:00] len=77 line=1
  F0 47 7F 15 18 00 45 00 5B 23 23 23 23 23 23 5D ...
[23:49:00] len=77 line=1
  F0 47 7F 15 18 00 45 00 5B 23 23 23 23 23 23 5D ...
[23:49:00] len=77 line=1
  F0 47 7F 15 18 00 45 00 5B 23 23 23 23 23 23 5D ...
[23:49:00] len=77 line=1
  F0 47 7F 15 18 00 45 00 5B 23 23 23 23 23 23 5D ...
[23:49:00] len=77 line=1
  F0 47 7F 15 18 00 45 00 5B 23 23 23 23 23 23 5D ...
[23:49:00] len=77 line=1
  F0 47 7F 15 18 00 45 00 5B 23 23 23 23 23 23 5D ...
[23:49:00] len=77 line=1
  F0 47 7F 15 18 00 45 00 5B 23 23 23 23 23 23 5D ...
[23:49:00] len=77 line=1
  F0 47 7F 15 18 00 45 00 5B 23 23 23 23 23 23 5D ...
[23:49:00] len=77 line=1
  F0 47 7F 15 18 00 45 00 5B 23 23 23 23 23 23 5D ...
[23:49:00] len=77 line=1
  F0 47 7F 15 18 00 45 00 5B 23 23 23 23 23 23 5D ...
[23:49:00] len=77 line=1
  F0 47 7F 15 18 00 45 00 5B 23 23 23 23 23 23 5D ...
[23:49:00] len=77 line=1
  F0 47 7F 15 18 00 45 00 5B 23 23 23 23 23 23 5D ...
[23:49:00] len=77 line=1
  F0 47 7F 15 18 00 45 00 5B 23 23 23 23 23 23 5D ...
[23:49:00] len=77 line=1
  F0 47 7F 15 18 00 45 00 5B 23 23 23 23 23 23 5D ...
[23:49:00] len=77 line=1
  F0 47 7F 15 18 00 45 00 5B 23 23 23 23 23 23 5D ...
[23:49:00] len=77 line=1
  F0 47 7F 15 18 00 45 00 5B 23 23 23 23 23 23 5D ...
[23:49:00] len=77 line=1
  F0 47 7F 15 18 00 45 00 5B 23 23 23 23 23 23 5D ...
[23:49:00] len=77 line=1
  F0 47 7F 15 18 00 45 00 5B 23 23 23 23 23 23 5D ...
[23:49:00] len=77 line=1
  F0 47 7F 15 18 00 45 00 5B 23 23 23 23 23 23 5D ...
[23:49:00] len=77 line=1
  F0 47 7F 15 18 00 45 00 5B 23 23 23 23 23 23 5D ...
[23:49:00] len=77 line=1
  F0 47 7F 15 18 00 45 00 5B 23 23 23 23 23 23 5D ...
[23:49:00] len=77 line=1
  F0 47 7F 15 18 00 45 00 5B 23 23 23 23 23 23 5D ...
[23:49:00] len=77 line=1
  F0 47 7F 15 18 00 45 00 5B 23 23 23 23 23 23 5D ...
[23:49:00] len=77 line=1
  F0 47 7F 15 18 00 45 00 5B 23 23 23 23 23 23 5D ...
[23:49:00] len=77 line=1
  F0 47 7F 15 18 00 45 00 5B 23 23 23 23 23 23 5D ...
[23:49:00] len=77 line=1
  F0 47 7F 15 18 00 45 00 5B 23 23 23 23 23 23 5D ...
[23:49:00] len=77 line=1
  F0 47 7F 15 18 00 45 00 5B 23 23 23 23 23 23 5D ...
[23:49:00] len=77 line=1
  F0 47 7F 15 18 00 45 00 5B 23 23 23 23 23 23 5D ...
[23:49:00] len=77 line=1
  F0 47 7F 15 18 00 45 00 5B 23 23 23 23 23 23 5D ...
[23:49:00] len=77 line=1
  F0 47 7F 15 18 00 45 00 5B 23 23 23 23 23 23 5D ...
[23:49:00] len=77 line=1
  F0 47 7F 15 18 00 45 00 5B 23 23 23 23 23 23 5D ...
[23:49:00] len=77 line=1
  F0 47 7F 15 18 00 45 00 5B 23 23 23 23 23 23 5D ...
[23:49:00] len=77 line=1
  F0 47 7F 15 18 00 45 00 5B 23 23 23 23 23 23 5D ...
[23:49:00] len=77 line=1
  F0 47 7F 15 18 00 45 00 5B 23 23 23 23 23 23 5D ...
[23:49:00] len=77 line=1
  F0 47 7F 15 18 00 45 00 5B 23 23 23 23 23 2D 5D ...
[23:49:00] len=77 line=1
  F0 47 7F 15 18 00 45 00 5B 23 23 23 23 23 2D 5D ...
[23:49:00] len=77 line=1
  F0 47 7F 15 18 00 45 00 5B 23 23 23 23 23 2D 5D ...
[23:49:00] len=77 line=1
  F0 47 7F 15 18 00 45 00 5B 23 23 23 23 23 2D 5D ...
[23:49:00] len=77 line=1
  F0 47 7F 15 18 00 45 00 5B 23 23 23 23 23 2D 5D ...
[23:49:00] len=77 line=1
  F0 47 7F 15 18 00 45 00 5B 23 23 23 23 23 2D 5D ...
[23:49:00] len=77 line=1
  F0 47 7F 15 18 00 45 00 5B 23 23 23 23 23 2D 5D ...
[23:49:00] len=77 line=1
  F0 47 7F 15 18 00 45 00 5B 23 23 23 23 23 2D 5D ...
[23:49:01] len=77 line=1
  F0 47 7F 15 18 00 45 00 5B 23 23 23 23 2D 2D 5D ...
[23:49:01] len=77 line=1
  F0 47 7F 15 18 00 45 00 5B 23 23 23 23 2D 2D 5D ...
[23:49:01] len=77 line=1
  F0 47 7F 15 18 00 45 00 5B 23 23 23 23 2D 2D 5D ...
[23:49:01] len=77 line=1
  F0 47 7F 15 18 00 45 00 5B 23 23 23 23 2D 2D 5D ...
[23:49:01] len=77 line=1
  F0 47 7F 15 18 00 45 00 5B 23 23 23 23 2D 2D 5D ...
[23:49:01] len=77 line=1
  F0 47 7F 15 18 00 45 00 5B 23 23 23 23 2D 2D 5D ...
[23:49:01] len=77 line=1
  F0 47 7F 15 18 00 45 00 5B 23 23 23 23 2D 2D 5D ...
[23:49:01] len=77 line=1
  F0 47 7F 15 18 00 45 00 5B 23 23 23 23 2D 2D 5D ...
[23:49:01] len=77 line=1
  F0 47 7F 15 18 00 45 00 5B 23 23 23 2D 2D 2D 5D ...
[23:49:01] len=77 line=1
  F0 47 7F 15 18 00 45 00 5B 23 23 23 2D 2D 2D 5D ...
[23:49:01] len=77 line=1
  F0 47 7F 15 18 00 45 00 5B 23 23 23 2D 2D 2D 5D ...
[23:49:01] len=77 line=1
  F0 47 7F 15 18 00 45 00 5B 23 23 23 2D 2D 2D 5D ...
[23:49:01] len=77 line=1
  F0 47 7F 15 18 00 45 00 5B 23 23 23 2D 2D 2D 5D ...
[23:49:01] len=77 line=1
  F0 47 7F 15 18 00 45 00 5B 23 23 23 2D 2D 2D 5D ...
[23:49:01] len=77 line=1
  F0 47 7F 15 18 00 45 00 5B 23 23 23 2D 2D 2D 5D ...
[23:49:01] len=77 line=1
  F0 47 7F 15 18 00 45 00 5B 23 23 23 2D 2D 2D 5D ...
[23:49:01] len=77 line=1
  F0 47 7F 15 18 00 45 00 5B 23 23 23 2D 2D 2D 5D ...
[23:49:01] len=77 line=1
  F0 47 7F 15 18 00 45 00 5B 23 23 23 2D 2D 2D 5D ...
[23:49:01] len=77 line=1
  F0 47 7F 15 18 00 45 00 5B 23 23 23 2D 2D 2D 5D ...
[23:49:01] len=77 line=1
  F0 47 7F 15 18 00 45 00 5B 23 23 23 2D 2D 2D 5D ...
[23:49:01] len=77 line=1
  F0 47 7F 15 18 00 45 00 5B 23 23 23 2D 2D 2D 5D ...
[23:49:01] len=77 line=1
  F0 47 7F 15 18 00 45 00 5B 23 23 23 2D 2D 2D 5D ...
[23:49:01] len=77 line=1
  F0 47 7F 15 18 00 45 00 5B 23 23 23 2D 2D 2D 5D ...
[23:49:01] len=77 line=1
  F0 47 7F 15 18 00 45 00 5B 23 23 23 2D 2D 2D 5D ...
[23:49:01] len=77 line=1
  F0 47 7F 15 18 00 45 00 5B 23 23 23 23 2D 2D 5D ...
[23:49:01] len=77 line=1
  F0 47 7F 15 18 00 45 00 5B 23 23 23 23 2D 2D 5D ...
[23:49:01] len=77 line=1
  F0 47 7F 15 18 00 45 00 5B 23 23 23 23 2D 2D 5D ...
[23:49:01] len=77 line=1
  F0 47 7F 15 18 00 45 00 5B 23 23 23 23 2D 2D 5D ...
[23:49:01] len=77 line=1
  F0 47 7F 15 18 00 45 00 5B 23 23 23 23 23 2D 5D ...
[23:49:01] len=77 line=1
  F0 47 7F 15 18 00 45 00 5B 23 23 23 23 23 2D 5D ...
[23:49:01] len=77 line=1
  F0 47 7F 15 18 00 45 00 5B 23 23 23 23 23 2D 5D ...
[23:49:01] len=77 line=1
  F0 47 7F 15 18 00 45 00 5B 23 23 23 23 23 23 5D ...
[23:49:01] len=77 line=1
  F0 47 7F 15 18 00 45 00 5B 23 23 23 23 23 23 5D ...
[23:49:01] len=77 line=1
  F0 47 7F 15 18 00 45 00 5B 23 23 23 23 23 23 5D ...
[23:49:01] len=77 line=1
  F0 47 7F 15 18 00 45 00 5B 23 23 23 23 23 23 5D ...
[23:49:01] len=77 line=1
  F0 47 7F 15 18 00 45 00 5B 23 23 23 23 23 23 5D ...
[23:49:01] len=77 line=1
  F0 47 7F 15 18 00 45 00 5B 23 23 23 23 23 23 5D ...
[23:49:01] len=77 line=1
  F0 47 7F 15 18 00 45 00 5B 23 23 23 23 23 23 5D ...
[23:49:01] len=77 line=1
  F0 47 7F 15 18 00 45 00 5B 23 23 23 23 23 23 5D ...
[23:49:01] len=77 line=1
  F0 47 7F 15 18 00 45 00 5B 23 23 23 23 23 23 5D ...
[23:49:01] len=77 line=1
  F0 47 7F 15 18 00 45 00 5B 23 23 23 23 23 23 5D ...
[23:49:01] len=77 line=1
  F0 47 7F 15 18 00 45 00 5B 23 23 23 23 23 23 5D ...
[23:49:01] len=77 line=1
  F0 47 7F 15 18 00 45 00 5B 23 23 23 23 23 23 5D ...
[23:49:01] len=77 line=1
  F0 47 7F 15 18 00 45 00 5B 23 23 23 23 23 23 5D ...
[23:49:01] len=77 line=1
  F0 47 7F 15 18 00 45 00 5B 23 23 23 23 23 23 5D ...
[23:49:01] len=77 line=1
  F0 47 7F 15 18 00 45 00 5B 23 23 23 23 23 23 5D ...
[23:49:01] len=77 line=1
  F0 47 7F 15 18 00 45 00 5B 23 23 23 23 23 23 5D ...
[23:49:01] len=77 line=1
  F0 47 7F 15 18 00 45 00 5B 23 23 23 23 23 23 5D ...
[23:49:01] len=77 line=1
  F0 47 7F 15 18 00 45 00 5B 23 23 23 23 23 23 5D ...
[23:49:01] len=77 line=1
  F0 47 7F 15 18 00 45 00 5B 23 23 23 23 23 23 5D ...
[23:49:01] len=77 line=1
  F0 47 7F 15 18 00 45 00 5B 23 23 23 23 23 23 5D ...
[23:49:01] len=77 line=1
  F0 47 7F 15 18 00 45 00 5B 23 23 23 23 23 23 5D ...
[23:49:01] len=77 line=1
  F0 47 7F 15 18 00 45 00 5B 23 23 23 23 23 23 5D ...
[23:49:02] len=77 line=1
  F0 47 7F 15 18 00 45 00 5B 23 23 23 23 23 23 5D ...
[23:49:02] len=77 line=1
  F0 47 7F 15 18 00 45 00 5B 23 23 23 23 23 23 5D ...
[23:49:02] len=77 line=1
  F0 47 7F 15 18 00 45 00 5B 23 23 23 23 23 23 5D ...
[23:49:02] len=77 line=1
  F0 47 7F 15 18 00 45 00 5B 23 23 23 23 23 23 5D ...
[23:49:02] len=77 line=1
  F0 47 7F 15 18 00 45 00 5B 23 23 23 23 23 23 5D ...
[23:49:02] len=77 line=1
  F0 47 7F 15 18 00 45 00 5B 23 23 23 23 23 23 5D ...
[23:49:02] len=77 line=1
  F0 47 7F 15 18 00 45 00 5B 23 23 23 23 23 23 5D ...
[23:49:02] len=77 line=1
  F0 47 7F 15 18 00 45 00 5B 23 23 23 23 23 23 5D ...
[23:49:02] len=77 line=1
  F0 47 7F 15 18 00 45 00 5B 23 23 23 23 23 23 5D ...
[23:49:02] len=77 line=1
  F0 47 7F 15 18 00 45 00 5B 23 23 23 23 23 23 5D ...
[23:49:02] len=77 line=1
  F0 47 7F 15 18 00 45 00 5B 23 23 23 23 23 23 5D ...
[23:49:02] len=77 line=1
  F0 47 7F 15 18 00 45 00 5B 23 23 23 23 23 23 5D ...
[23:49:02] len=77 line=1
  F0 47 7F 15 18 00 45 00 5B 23 23 23 23 23 23 5D ...
[23:49:02] len=77 line=1
  F0 47 7F 15 18 00 45 00 5B 23 23 23 23 23 23 5D ...
[23:49:02] len=77 line=1
  F0 47 7F 15 18 00 45 00 5B 23 23 23 23 23 23 5D ...
[23:49:02] len=77 line=1
  F0 47 7F 15 18 00 45 00 5B 23 23 23 23 23 23 5D ...
[23:49:02] len=77 line=1
  F0 47 7F 15 18 00 45 00 5B 23 23 23 23 23 23 5D ...
[23:49:02] len=77 line=1
  F0 47 7F 15 18 00 45 00 5B 23 23 23 23 23 23 5D ...
[23:49:02] len=77 line=1
  F0 47 7F 15 18 00 45 00 5B 23 23 23 23 23 23 5D ...
[23:49:02] len=77 line=1
  F0 47 7F 15 18 00 45 00 5B 23 23 23 23 23 23 5D ...
[23:49:02] len=77 line=1
  F0 47 7F 15 18 00 45 00 5B 23 23 23 23 23 23 5D ...
[23:49:02] len=77 line=1
  F0 47 7F 15 18 00 45 00 5B 23 23 23 23 23 23 5D ...
[23:49:02] len=77 line=1
  F0 47 7F 15 18 00 45 00 5B 23 23 23 23 23 23 5D ...
[23:49:02] len=77 line=1
  F0 47 7F 15 18 00 45 00 5B 23 23 23 23 23 23 5D ...
[23:49:02] len=77 line=1
  F0 47 7F 15 18 00 45 00 5B 23 23 23 23 23 23 5D ...
[23:49:02] len=77 line=1
  F0 47 7F 15 18 00 45 00 5B 23 23 23 23 23 23 5D ...
[23:49:02] len=77 line=1
  F0 47 7F 15 18 00 45 00 5B 23 23 23 23 23 23 5D ...
[23:49:02] len=77 line=1
  F0 47 7F 15 18 00 45 00 5B 23 23 23 23 23 23 5D ...
[23:49:02] len=77 line=1
  F0 47 7F 15 18 00 45 00 5B 23 23 23 23 23 23 5D ...
[23:49:02] len=77 line=1
  F0 47 7F 15 18 00 45 00 5B 23 23 23 23 23 23 5D ...
[23:49:02] len=77 line=1
  F0 47 7F 15 18 00 45 00 5B 23 23 23 23 23 23 5D ...
[23:49:02] len=77 line=1
  F0 47 7F 15 18 00 45 00 5B 23 23 23 23 23 23 5D ...
[23:49:02] len=77 line=1
  F0 47 7F 15 18 00 45 00 5B 23 23 23 23 23 23 5D ...
[23:49:02] len=77 line=1
  F0 47 7F 15 18 00 45 00 5B 23 23 23 23 23 23 5D ...
[23:49:02] len=77 line=1
  F0 47 7F 15 18 00 45 00 5B 23 23 23 23 23 23 5D ...
[23:49:02] len=77 line=1
  F0 47 7F 15 18 00 45 00 5B 23 23 23 23 23 23 5D ...
[23:49:02] len=77 line=1
  F0 47 7F 15 18 00 45 00 5B 23 23 23 23 23 23 5D ...
[23:49:02] len=77 line=1
  F0 47 7F 15 18 00 45 00 5B 23 23 23 23 23 23 5D ...
[23:49:02] len=77 line=1
  F0 47 7F 15 18 00 45 00 5B 23 23 23 23 23 23 5D ...
[23:49:02] len=77 line=1
  F0 47 7F 15 18 00 45 00 5B 23 23 23 23 23 23 5D ...
[23:49:02] len=77 line=1
  F0 47 7F 15 18 00 45 00 5B 23 23 23 23 23 23 5D ...
[23:49:02] len=77 line=1
  F0 47 7F 15 18 00 45 00 5B 23 23 23 23 23 23 5D ...
[23:49:02] len=77 line=1
  F0 47 7F 15 18 00 45 00 5B 23 23 23 23 23 23 5D ...
[23:49:02] len=77 line=1
  F0 47 7F 15 18 00 45 00 5B 23 23 23 23 23 23 5D ...
[23:49:02] len=77 line=1
  F0 47 7F 15 18 00 45 00 5B 23 23 23 23 23 23 5D ...
[23:49:02] len=77 line=1
  F0 47 7F 15 18 00 45 00 5B 23 23 23 23 23 23 5D ...
[23:49:02] len=77 line=1
  F0 47 7F 15 18 00 45 00 5B 23 23 23 23 23 23 5D ...
[23:49:02] len=77 line=1
  F0 47 7F 15 18 00 45 00 5B 23 23 23 23 23 23 5D ...
[23:49:02] len=77 line=1
  F0 47 7F 15 18 00 45 00 5B 23 23 23 23 23 23 5D ...
[23:49:02] len=77 line=1
  F0 47 7F 15 18 00 45 00 5B 23 23 23 23 23 23 5D ...
[23:49:02] len=77 line=1
  F0 47 7F 15 18 00 45 00 5B 23 23 23 23 23 23 5D ...
[23:49:02] len=77 line=1
  F0 47 7F 15 18 00 45 00 5B 23 23 23 23 23 23 5D ...
[23:49:03] len=77 line=1
  F0 47 7F 15 18 00 45 00 5B 23 23 23 23 23 2D 5D ...
[23:49:03] len=77 line=1
  F0 47 7F 15 18 00 45 00 5B 23 23 23 23 23 2D 5D ...
[23:49:03] len=77 line=1
  F0 47 7F 15 18 00 45 00 5B 23 23 23 23 23 2D 5D ...
[23:49:03] len=77 line=1
  F0 47 7F 15 18 00 45 00 5B 23 23 23 23 23 2D 5D ...
[23:49:03] len=77 line=1
  F0 47 7F 15 18 00 45 00 5B 23 23 23 23 23 2D 5D ...
[23:49:03] len=77 line=1
  F0 47 7F 15 18 00 45 00 5B 23 23 23 23 23 2D 5D ...
[23:49:03] len=77 line=1
  F0 47 7F 15 18 00 45 00 5B 23 23 23 23 23 2D 5D ...
[23:54:06] len=77 line=1
  F0 47 7F 15 18 00 45 00 20 20 20 20 20 20 20 20 ...
[23:54:06] len=77 line=2
  F0 47 7F 15 19 00 45 00 20 20 20 20 20 20 20 20 ...
[23:54:06] len=77 line=3
  F0 47 7F 15 1A 00 45 00 20 20 20 20 20 20 20 20 ...
[23:54:06] len=77 line=4
  F0 47 7F 15 1B 00 45 00 20 20 20 20 20 20 20 20 ...
[23:54:06] len=77 line=2
  F0 47 7F 15 19 00 45 00 00 01 02 03 04 05 06 07 ...
[23:54:06] len=77 line=3
  F0 47 7F 15 1A 00 45 00 44 45 46 47 48 49 4A 4B ...
[23:54:06] len=77 line=4
  F0 47 7F 15 1B 00 45 00 41 4C 4C 20 31 32 38 20 ...
[23:54:06] len=77 line=1
  F0 47 7F 15 18 00 45 00 5B 23 23 23 23 23 23 5D ...
[23:56:13] len=77 line=1
  F0 47 7F 15 18 00 45 00 5B 23 23 23 23 23 23 5D ...
[23:56:13] len=77 line=1
  F0 47 7F 15 18 00 45 00 5B 23 23 23 23 23 23 5D ...
[23:56:13] len=77 line=1
  F0 47 7F 15 18 00 45 00 5B 23 23 23 23 23 23 5D ...
[23:56:13] len=77 line=1
  F0 47 7F 15 18 00 45 00 5B 23 23 23 23 23 23 5D ...
[23:56:13] len=77 line=1
  F0 47 7F 15 18 00 45 00 5B 23 23 23 23 23 23 5D ...
[23:56:13] len=77 line=1
  F0 47 7F 15 18 00 45 00 5B 23 23 23 23 23 23 5D ...
[23:56:13] len=77 line=1
  F0 47 7F 15 18 00 45 00 5B 23 23 23 23 23 23 5D ...
[23:56:13] len=77 line=1
  F0 47 7F 15 18 00 45 00 5B 23 23 23 23 23 23 5D ...
[23:56:13] len=77 line=1
  F0 47 7F 15 18 00 45 00 5B 23 23 23 23 23 23 5D ...
[23:56:13] len=77 line=1
  F0 47 7F 15 18 00 45 00 5B 23 23 23 23 23 23 5D ...
[23:56:13] len=77 line=1
  F0 47 7F 15 18 00 45 00 5B 23 23 23 23 23 23 5D ...
[23:56:13] len=77 line=1
  F0 47 7F 15 18 00 45 00 5B 23 23 23 23 23 23 5D ...
[23:56:13] len=77 line=1
  F0 47 7F 15 18 00 45 00 5B 23 23 23 23 23 23 5D ...
[23:56:13] len=77 line=1
  F0 47 7F 15 18 00 45 00 5B 23 23 23 23 23 23 5D ...
[23:56:13] len=77 line=1
  F0 47 7F 15 18 00 45 00 5B 23 23 23 23 23 23 5D ...
[23:56:13] len=77 line=1
  F0 47 7F 15 18 00 45 00 5B 23 23 23 23 23 23 5D ...
[23:56:13] len=77 line=1
  F0 47 7F 15 18 00 45 00 5B 23 23 23 23 23 23 5D ...
[23:56:13] len=77 line=1
  F0 47 7F 15 18 00 45 00 5B 23 23 23 23 23 23 5D ...
[23:56:13] len=77 line=1
  F0 47 7F 15 18 00 45 00 5B 23 23 23 23 23 23 5D ...
[23:56:13] len=77 line=1
  F0 47 7F 15 18 00 45 00 5B 23 23 23 23 23 23 5D ...
[23:56:13] len=77 line=1
  F0 47 7F 15 18 00 45 00 5B 23 23 23 23 23 23 5D ...
[23:56:13] len=77 line=1
  F0 47 7F 15 18 00 45 00 5B 23 23 23 23 23 23 5D ...
[23:56:13] len=77 line=1
  F0 47 7F 15 18 00 45 00 5B 23 23 23 23 23 23 5D ...
[23:56:13] len=77 line=1
  F0 47 7F 15 18 00 45 00 5B 23 23 23 23 23 2D 5D ...
[23:56:13] len=77 line=1
  F0 47 7F 15 18 00 45 00 5B 23 23 23 23 23 2D 5D ...
[23:56:13] len=77 line=1
  F0 47 7F 15 18 00 45 00 5B 23 23 23 23 23 2D 5D ...
[23:56:13] len=77 line=1
  F0 47 7F 15 18 00 45 00 5B 23 23 23 23 23 2D 5D ...
[23:56:13] len=77 line=1
  F0 47 7F 15 18 00 45 00 5B 23 23 23 23 23 2D 5D ...
[23:56:13] len=77 line=1
  F0 47 7F 15 18 00 45 00 5B 23 23 23 23 23 2D 5D ...
[23:56:13] len=77 line=1
  F0 47 7F 15 18 00 45 00 5B 23 23 23 23 2D 2D 5D ...
[23:56:13] len=77 line=1
  F0 47 7F 15 18 00 45 00 5B 23 23 23 23 2D 2D 5D ...
[23:56:13] len=77 line=1
  F0 47 7F 15 18 00 45 00 5B 23 23 23 23 2D 2D 5D ...
[23:56:13] len=77 line=1
  F0 47 7F 15 18 00 45 00 5B 23 23 23 23 2D 2D 5D ...
[23:56:13] len=77 line=1
  F0 47 7F 15 18 00 45 00 5B 23 23 23 23 2D 2D 5D ...
[23:56:13] len=77 line=1
  F0 47 7F 15 18 00 45 00 5B 23 23 23 23 2D 2D 5D ...
[23:56:14] len=77 line=1
  F0 47 7F 15 18 00 45 00 5B 23 23 23 23 2D 2D 5D ...
[23:56:14] len=77 line=1
  F0 47 7F 15 18 00 45 00 5B 23 23 23 23 2D 2D 5D ...
[23:56:14] len=77 line=1
  F0 47 7F 15 18 00 45 00 5B 23 23 23 2D 2D 2D 5D ...
[23:56:14] len=77 line=1
  F0 47 7F 15 18 00 45 00 5B 23 23 23 2D 2D 2D 5D ...
[23:56:14] len=77 line=1
  F0 47 7F 15 18 00 45 00 5B 23 23 23 2D 2D 2D 5D ...
[23:56:14] len=77 line=1
  F0 47 7F 15 18 00 45 00 5B 23 23 23 2D 2D 2D 5D ...
[23:56:14] len=77 line=1
  F0 47 7F 15 18 00 45 00 5B 23 23 23 2D 2D 2D 5D ...
[23:56:14] len=77 line=1
  F0 47 7F 15 18 00 45 00 5B 23 23 23 2D 2D 2D 5D ...
[23:56:14] len=77 line=1
  F0 47 7F 15 18 00 45 00 5B 23 23 23 2D 2D 2D 5D ...
[23:56:14] len=77 line=1
  F0 47 7F 15 18 00 45 00 5B 23 23 23 2D 2D 2D 5D ...
[23:56:14] len=77 line=1
  F0 47 7F 15 18 00 45 00 5B 23 23 2D 2D 2D 2D 5D ...
[23:56:14] len=77 line=1
  F0 47 7F 15 18 00 45 00 5B 23 23 2D 2D 2D 2D 5D ...
[23:56:14] len=77 line=1
  F0 47 7F 15 18 00 45 00 5B 23 23 2D 2D 2D 2D 5D ...
[23:56:14] len=77 line=1
  F0 47 7F 15 18 00 45 00 5B 23 23 2D 2D 2D 2D 5D ...
[23:56:14] len=77 line=1
  F0 47 7F 15 18 00 45 00 5B 23 23 2D 2D 2D 2D 5D ...
[23:56:14] len=77 line=1
  F0 47 7F 15 18 00 45 00 5B 23 23 2D 2D 2D 2D 5D ...
[23:56:14] len=77 line=1
  F0 47 7F 15 18 00 45 00 5B 23 23 2D 2D 2D 2D 5D ...
[23:56:14] len=77 line=1
  F0 47 7F 15 18 00 45 00 5B 23 23 2D 2D 2D 2D 5D ...
[23:56:14] len=77 line=1
  F0 47 7F 15 18 00 45 00 5B 23 23 2D 2D 2D 2D 5D ...
[23:56:14] len=77 line=1
  F0 47 7F 15 18 00 45 00 5B 23 23 2D 2D 2D 2D 5D ...
[23:56:14] len=77 line=1
  F0 47 7F 15 18 00 45 00 5B 23 23 2D 2D 2D 2D 5D ...
[23:56:14] len=77 line=1
  F0 47 7F 15 18 00 45 00 5B 23 23 2D 2D 2D 2D 5D ...
[23:56:14] len=77 line=1
  F0 47 7F 15 18 00 45 00 5B 23 2D 2D 2D 2D 2D 5D ...
[23:56:14] len=77 line=1
  F0 47 7F 15 18 00 45 00 5B 23 2D 2D 2D 2D 2D 5D ...
[23:56:14] len=77 line=1
  F0 47 7F 15 18 00 45 00 5B 23 2D 2D 2D 2D 2D 5D ...
[23:56:14] len=77 line=1
  F0 47 7F 15 18 00 45 00 5B 23 2D 2D 2D 2D 2D 5D ...
[23:56:14] len=77 line=1
  F0 47 7F 15 18 00 45 00 5B 23 2D 2D 2D 2D 2D 5D ...
[23:56:14] len=77 line=1
  F0 47 7F 15 18 00 45 00 5B 23 2D 2D 2D 2D 2D 5D ...
[23:56:14] len=77 line=1
  F0 47 7F 15 18 00 45 00 5B 23 2D 2D 2D 2D 2D 5D ...
[23:56:14] len=77 line=1
  F0 47 7F 15 18 00 45 00 5B 23 2D 2D 2D 2D 2D 5D ...
[23:56:14] len=77 line=1
  F0 47 7F 15 18 00 45 00 5B 23 2D 2D 2D 2D 2D 5D ...
[23:56:14] len=77 line=1
  F0 47 7F 15 18 00 45 00 5B 23 2D 2D 2D 2D 2D 5D ...
[23:56:14] len=77 line=1
  F0 47 7F 15 18 00 45 00 5B 23 2D 2D 2D 2D 2D 5D ...
[23:56:14] len=77 line=1
  F0 47 7F 15 18 00 45 00 5B 23 23 2D 2D 2D 2D 5D ...
[23:56:14] len=77 line=1
  F0 47 7F 15 18 00 45 00 5B 23 23 2D 2D 2D 2D 5D ...
[23:56:14] len=77 line=1
  F0 47 7F 15 18 00 45 00 5B 23 23 2D 2D 2D 2D 5D ...
[23:56:14] len=77 line=1
  F0 47 7F 15 18 00 45 00 5B 23 23 2D 2D 2D 2D 5D ...
[23:56:14] len=77 line=1
  F0 47 7F 15 18 00 45 00 5B 23 23 2D 2D 2D 2D 5D ...
[23:56:14] len=77 line=1
  F0 47 7F 15 18 00 45 00 5B 23 23 23 2D 2D 2D 5D ...
[23:56:14] len=77 line=1
  F0 47 7F 15 18 00 45 00 5B 23 23 23 2D 2D 2D 5D ...
[23:56:14] len=77 line=1
  F0 47 7F 15 18 00 45 00 5B 23 23 23 2D 2D 2D 5D ...
[23:56:14] len=77 line=1
  F0 47 7F 15 18 00 45 00 5B 23 23 23 2D 2D 2D 5D ...
[23:56:14] len=77 line=1
  F0 47 7F 15 18 00 45 00 5B 23 23 23 23 2D 2D 5D ...
[23:56:14] len=77 line=1
  F0 47 7F 15 18 00 45 00 5B 23 23 23 23 2D 2D 5D ...
[23:56:14] len=77 line=1
  F0 47 7F 15 18 00 45 00 5B 23 23 23 23 2D 2D 5D ...
[23:56:14] len=77 line=1
  F0 47 7F 15 18 00 45 00 5B 23 23 23 23 2D 2D 5D ...
[23:56:14] len=77 line=1
  F0 47 7F 15 18 00 45 00 5B 23 23 23 23 2D 2D 5D ...
[23:56:14] len=77 line=1
  F0 47 7F 15 18 00 45 00 5B 23 23 23 23 23 2D 5D ...
[23:56:14] len=77 line=1
  F0 47 7F 15 18 00 45 00 5B 23 23 23 23 23 2D 5D ...
[23:56:14] len=77 line=1
  F0 47 7F 15 18 00 45 00 5B 23 23 23 23 23 2D 5D ...
[23:56:14] len=77 line=1
  F0 47 7F 15 18 00 45 00 5B 23 23 23 23 23 2D 5D ...
[23:56:14] len=77 line=1
  F0 47 7F 15 18 00 45 00 5B 23 23 23 23 23 23 5D ...
[23:56:14] len=77 line=1
  F0 47 7F 15 18 00 45 00 5B 23 23 23 23 23 23 5D ...
[23:56:14] len=77 line=1
  F0 47 7F 15 18 00 45 00 5B 23 23 23 23 23 23 5D ...
[23:56:14] len=77 line=1
  F0 47 7F 15 18 00 45 00 5B 23 23 23 23 23 23 5D ...
[23:56:14] len=77 line=1
  F0 47 7F 15 18 00 45 00 5B 23 23 23 23 23 23 5D ...
[23:56:14] len=77 line=1
  F0 47 7F 15 18 00 45 00 5B 23 23 23 23 23 23 5D ...
[23:56:14] len=77 line=1
  F0 47 7F 15 18 00 45 00 5B 23 23 23 23 23 23 5D ...
[23:56:14] len=77 line=1
  F0 47 7F 15 18 00 45 00 5B 23 23 23 23 23 23 5D ...
[23:56:14] len=77 line=1
  F0 47 7F 15 18 00 45 00 5B 23 23 23 23 23 23 5D ...
[23:56:14] len=77 line=1
  F0 47 7F 15 18 00 45 00 5B 23 23 23 23 23 23 5D ...
[23:56:14] len=77 line=1
  F0 47 7F 15 18 00 45 00 5B 23 23 23 23 23 23 5D ...
[23:56:14] len=77 line=1
  F0 47 7F 15 18 00 45 00 5B 23 23 23 23 23 23 5D ...
[23:56:14] len=77 line=1
  F0 47 7F 15 18 00 45 00 5B 23 23 23 23 23 23 5D ...
[23:56:14] len=77 line=1
  F0 47 7F 15 18 00 45 00 5B 23 23 23 23 23 23 5D ...
[23:56:14] len=77 line=1
  F0 47 7F 15 18 00 45 00 5B 23 23 23 23 23 23 5D ...
[23:56:14] len=77 line=1
  F0 47 7F 15 18 00 45 00 5B 23 23 23 23 23 23 5D ...
[23:56:14] len=77 line=1
  F0 47 7F 15 18 00 45 00 5B 23 23 23 23 23 23 5D ...
[23:56:14] len=77 line=1
  F0 47 7F 15 18 00 45 00 5B 23 23 23 23 23 23 5D ...
[23:56:14] len=77 line=1
  F0 47 7F 15 18 00 45 00 5B 23 23 23 23 23 23 5D ...
[23:56:14] len=77 line=1
  F0 47 7F 15 18 00 45 00 5B 23 23 23 23 23 23 5D ...
[23:56:14] len=77 line=1
  F0 47 7F 15 18 00 45 00 5B 23 23 23 23 23 23 5D ...
[23:56:14] len=77 line=1
  F0 47 7F 15 18 00 45 00 5B 23 23 23 23 23 23 5D ...
[23:56:14] len=77 line=1
  F0 47 7F 15 18 00 45 00 5B 23 23 23 23 23 23 5D ...
[23:56:14] len=77 line=1
  F0 47 7F 15 18 00 45 00 5B 23 23 23 23 23 23 5D ...
[23:56:14] len=77 line=1
  F0 47 7F 15 18 00 45 00 5B 23 23 23 23 23 23 5D ...
[23:56:14] len=77 line=1
  F0 47 7F 15 18 00 45 00 5B 23 23 23 23 23 23 5D ...
[23:56:14] len=77 line=1
  F0 47 7F 15 18 00 45 00 5B 23 23 23 23 23 23 5D ...
[23:56:14] len=77 line=1
  F0 47 7F 15 18 00 45 00 5B 23 23 23 23 23 23 5D ...
[23:56:14] len=77 line=1
  F0 47 7F 15 18 00 45 00 5B 23 23 23 23 23 23 5D ...
[23:56:14] len=77 line=1
  F0 47 7F 15 18 00 45 00 5B 23 23 23 23 23 23 5D ...
[23:56:14] len=77 line=1
  F0 47 7F 15 18 00 45 00 5B 23 23 23 23 23 23 5D ...
[23:56:14] len=77 line=1
  F0 47 7F 15 18 00 45 00 5B 23 23 23 23 23 23 5D ...
[23:56:14] len=77 line=1
  F0 47 7F 15 18 00 45 00 5B 23 23 23 23 23 23 5D ...
[23:56:14] len=77 line=1
  F0 47 7F 15 18 00 45 00 5B 23 23 23 23 23 23 5D ...
[23:56:15] len=77 line=1
  F0 47 7F 15 18 00 45 00 5B 23 23 23 23 23 23 5D ...
[23:56:15] len=77 line=1
  F0 47 7F 15 18 00 45 00 5B 23 23 23 23 23 23 5D ...
[23:56:15] len=77 line=1
  F0 47 7F 15 18 00 45 00 5B 23 23 23 23 23 23 5D ...
[23:56:15] len=77 line=1
  F0 47 7F 15 18 00 45 00 5B 23 23 23 23 23 23 5D ...
[23:56:15] len=77 line=1
  F0 47 7F 15 18 00 45 00 5B 23 23 23 23 23 23 5D ...
[23:56:15] len=77 line=1
  F0 47 7F 15 18 00 45 00 5B 23 23 23 23 23 23 5D ...
[23:56:15] len=77 line=1
  F0 47 7F 15 18 00 45 00 5B 23 23 23 23 23 23 5D ...
[23:56:15] len=77 line=1
  F0 47 7F 15 18 00 45 00 5B 23 23 23 23 23 23 5D ...
[23:56:15] len=77 line=1
  F0 47 7F 15 18 00 45 00 5B 23 23 23 23 23 23 5D ...
[23:56:15] len=77 line=1
  F0 47 7F 15 18 00 45 00 5B 23 23 23 23 23 23 5D ...
[23:56:15] len=77 line=1
  F0 47 7F 15 18 00 45 00 5B 23 23 23 23 23 23 5D ...
[23:56:15] len=77 line=1
  F0 47 7F 15 18 00 45 00 5B 23 23 23 23 23 23 5D ...
[23:56:15] len=77 line=1
  F0 47 7F 15 18 00 45 00 5B 23 23 23 23 23 23 5D ...
[23:56:15] len=77 line=1
  F0 47 7F 15 18 00 45 00 5B 23 23 23 23 23 23 5D ...
[23:56:15] len=77 line=1
  F0 47 7F 15 18 00 45 00 5B 23 23 23 23 23 23 5D ...
[23:56:15] len=77 line=1
  F0 47 7F 15 18 00 45 00 5B 23 23 23 23 23 23 5D ...
[23:56:15] len=77 line=1
  F0 47 7F 15 18 00 45 00 5B 23 23 23 23 23 23 5D ...
[23:56:15] len=77 line=1
  F0 47 7F 15 18 00 45 00 5B 23 23 23 23 23 23 5D ...
[23:56:15] len=77 line=1
  F0 47 7F 15 18 00 45 00 5B 23 23 23 23 23 23 5D ...
[23:56:15] len=77 line=1
  F0 47 7F 15 18 00 45 00 5B 23 23 23 23 23 23 5D ...
[23:56:15] len=77 line=1
  F0 47 7F 15 18 00 45 00 5B 23 23 23 23 23 23 5D ...
[23:56:15] len=77 line=1
  F0 47 7F 15 18 00 45 00 5B 23 23 23 23 23 23 5D ...
[23:56:15] len=77 line=1
  F0 47 7F 15 18 00 45 00 5B 23 23 23 23 23 23 5D ...
[23:56:15] len=77 line=1
  F0 47 7F 15 18 00 45 00 5B 23 23 23 23 23 23 5D ...
[23:56:15] len=77 line=1
  F0 47 7F 15 18 00 45 00 5B 23 23 23 23 23 23 5D ...
[23:56:15] len=77 line=1
  F0 47 7F 15 18 00 45 00 5B 23 23 23 23 23 23 5D ...
[23:56:15] len=77 line=1
  F0 47 7F 15 18 00 45 00 5B 23 23 23 23 23 23 5D ...
[23:56:15] len=77 line=1
  F0 47 7F 15 18 00 45 00 5B 23 23 23 23 23 23 5D ...
[23:56:15] len=77 line=1
  F0 47 7F 15 18 00 45 00 5B 23 23 23 23 23 23 5D ...
[23:56:15] len=77 line=1
  F0 47 7F 15 18 00 45 00 5B 23 23 23 23 23 23 5D ...
[23:56:15] len=77 line=1
  F0 47 7F 15 18 00 45 00 5B 23 23 23 23 23 23 5D ...
[23:56:15] len=77 line=1
  F0 47 7F 15 18 00 45 00 5B 23 23 23 23 23 23 5D ...
[23:56:15] len=77 line=1
  F0 47 7F 15 18 00 45 00 5B 23 23 23 23 23 23 5D ...
[23:56:15] len=77 line=1
  F0 47 7F 15 18 00 45 00 5B 23 23 23 23 23 23 5D ...
[23:56:15] len=77 line=1
  F0 47 7F 15 18 00 45 00 5B 23 23 23 23 23 23 5D ...
[23:56:15] len=77 line=1
  F0 47 7F 15 18 00 45 00 5B 23 23 23 23 23 23 5D ...
[23:56:15] len=77 line=1
  F0 47 7F 15 18 00 45 00 5B 23 23 23 23 23 23 5D ...
[23:56:15] len=77 line=1
  F0 47 7F 15 18 00 45 00 5B 23 23 23 23 23 23 5D ...
[23:56:15] len=77 line=1
  F0 47 7F 15 18 00 45 00 5B 23 23 23 23 23 23 5D ...
[23:56:15] len=77 line=1
  F0 47 7F 15 18 00 45 00 5B 23 23 23 23 23 2D 5D ...
[23:56:15] len=77 line=1
  F0 47 7F 15 18 00 45 00 5B 23 23 23 23 23 2D 5D ...
[23:56:15] len=77 line=1
  F0 47 7F 15 18 00 45 00 5B 23 23 23 23 23 2D 5D ...
[23:56:15] len=77 line=1
  F0 47 7F 15 18 00 45 00 5B 23 23 23 23 23 2D 5D ...
[23:56:15] len=77 line=1
  F0 47 7F 15 18 00 45 00 5B 23 23 23 23 2D 2D 5D ...
[23:56:15] len=77 line=1
  F0 47 7F 15 18 00 45 00 5B 23 23 23 23 2D 2D 5D ...
[23:56:15] len=77 line=1
  F0 47 7F 15 18 00 45 00 5B 23 23 23 23 2D 2D 5D ...
[23:56:15] len=77 line=1
  F0 47 7F 15 18 00 45 00 5B 23 23 23 23 2D 2D 5D ...
[23:56:15] len=77 line=1
  F0 47 7F 15 18 00 45 00 5B 23 23 23 23 2D 2D 5D ...
[23:56:15] len=77 line=1
  F0 47 7F 15 18 00 45 00 5B 23 23 23 23 2D 2D 5D ...
[23:56:15] len=77 line=1
  F0 47 7F 15 18 00 45 00 5B 23 23 23 2D 2D 2D 5D ...
[23:56:15] len=77 line=1
  F0 47 7F 15 18 00 45 00 5B 23 23 23 2D 2D 2D 5D ...
[23:56:15] len=77 line=1
  F0 47 7F 15 18 00 45 00 5B 23 23 23 2D 2D 2D 5D ...
[23:56:15] len=77 line=1
  F0 47 7F 15 18 00 45 00 5B 23 23 23 2D 2D 2D 5D ...
[23:56:15] len=77 line=1
  F0 47 7F 15 18 00 45 00 5B 23 23 23 2D 2D 2D 5D ...
[23:56:15] len=77 line=1
  F0 47 7F 15 18 00 45 00 5B 23 23 23 2D 2D 2D 5D ...
[23:56:15] len=77 line=1
  F0 47 7F 15 18 00 45 00 5B 23 23 23 2D 2D 2D 5D ...
[23:56:15] len=77 line=1
  F0 47 7F 15 18 00 45 00 5B 23 23 23 2D 2D 2D 5D ...
[23:56:15] len=77 line=1
  F0 47 7F 15 18 00 45 00 5B 23 23 23 2D 2D 2D 5D ...
[23:56:15] len=77 line=1
  F0 47 7F 15 18 00 45 00 5B 23 23 2D 2D 2D 2D 5D ...
[23:56:15] len=77 line=1
  F0 47 7F 15 18 00 45 00 5B 23 23 2D 2D 2D 2D 5D ...
[23:56:15] len=77 line=1
  F0 47 7F 15 18 00 45 00 5B 23 23 2D 2D 2D 2D 5D ...
[23:56:15] len=77 line=1
  F0 47 7F 15 18 00 45 00 5B 23 23 2D 2D 2D 2D 5D ...
[23:56:15] len=77 line=1
  F0 47 7F 15 18 00 45 00 5B 23 23 2D 2D 2D 2D 5D ...
[23:56:15] len=77 line=1
  F0 47 7F 15 18 00 45 00 5B 23 23 2D 2D 2D 2D 5D ...
[23:56:15] len=77 line=1
  F0 47 7F 15 18 00 45 00 5B 23 23 2D 2D 2D 2D 5D ...
[23:56:15] len=77 line=1
  F0 47 7F 15 18 00 45 00 5B 23 23 2D 2D 2D 2D 5D ...
[23:56:15] len=77 line=1
  F0 47 7F 15 18 00 45 00 5B 23 2D 2D 2D 2D 2D 5D ...
[23:56:15] len=77 line=1
  F0 47 7F 15 18 00 45 00 5B 23 2D 2D 2D 2D 2D 5D ...
[23:56:15] len=77 line=1
  F0 47 7F 15 18 00 45 00 5B 23 2D 2D 2D 2D 2D 5D ...
[23:56:15] len=77 line=1
  F0 47 7F 15 18 00 45 00 5B 23 2D 2D 2D 2D 2D 5D ...
[23:56:15] len=77 line=1
  F0 47 7F 15 18 00 45 00 5B 23 2D 2D 2D 2D 2D 5D ...
[23:56:15] len=77 line=1
  F0 47 7F 15 18 00 45 00 5B 23 2D 2D 2D 2D 2D 5D ...
[23:56:15] len=77 line=1
  F0 47 7F 15 18 00 45 00 5B 23 2D 2D 2D 2D 2D 5D ...
[23:56:15] len=77 line=1
  F0 47 7F 15 18 00 45 00 5B 23 2D 2D 2D 2D 2D 5D ...
[23:56:15] len=77 line=1
  F0 47 7F 15 18 00 45 00 5B 23 2D 2D 2D 2D 2D 5D ...
[23:56:15] len=77 line=1
  F0 47 7F 15 18 00 45 00 5B 23 2D 2D 2D 2D 2D 5D ...
[23:56:15] len=77 line=1
  F0 47 7F 15 18 00 45 00 5B 23 2D 2D 2D 2D 2D 5D ...
[23:56:15] len=77 line=1
  F0 47 7F 15 18 00 45 00 5B 23 2D 2D 2D 2D 2D 5D ...
[23:56:15] len=77 line=1
  F0 47 7F 15 18 00 45 00 5B 23 2D 2D 2D 2D 2D 5D ...
[23:56:15] len=77 line=1
  F0 47 7F 15 18 00 45 00 5B 23 2D 2D 2D 2D 2D 5D ...
[23:56:15] len=77 line=1
  F0 47 7F 15 18 00 45 00 5B 23 2D 2D 2D 2D 2D 5D ...
[23:56:15] len=77 line=1
  F0 47 7F 15 18 00 45 00 5B 23 2D 2D 2D 2D 2D 5D ...
[23:56:15] len=77 line=1
  F0 47 7F 15 18 00 45 00 5B 23 2D 2D 2D 2D 2D 5D ...
[23:56:15] len=77 line=1
  F0 47 7F 15 18 00 45 00 5B 23 2D 2D 2D 2D 2D 5D ...
[23:56:16] len=77 line=1
  F0 47 7F 15 18 00 45 00 5B 23 2D 2D 2D 2D 2D 5D ...
[23:56:16] len=77 line=1
  F0 47 7F 15 18 00 45 00 5B 23 2D 2D 2D 2D 2D 5D ...
[23:56:16] len=77 line=1
  F0 47 7F 15 18 00 45 00 5B 23 2D 2D 2D 2D 2D 5D ...
[23:56:16] len=77 line=1
  F0 47 7F 15 18 00 45 00 5B 23 23 2D 2D 2D 2D 5D ...
[23:56:16] len=77 line=1
  F0 47 7F 15 18 00 45 00 5B 23 23 2D 2D 2D 2D 5D ...
[23:56:16] len=77 line=1
  F0 47 7F 15 18 00 45 00 5B 23 23 2D 2D 2D 2D 5D ...
[23:56:16] len=77 line=1
  F0 47 7F 15 18 00 45 00 5B 23 23 23 2D 2D 2D 5D ...
[23:56:16] len=77 line=1
  F0 47 7F 15 18 00 45 00 5B 23 23 23 2D 2D 2D 5D ...
[23:56:16] len=77 line=1
  F0 47 7F 15 18 00 45 00 5B 23 23 23 2D 2D 2D 5D ...
[23:56:16] len=77 line=1
  F0 47 7F 15 18 00 45 00 5B 23 23 23 23 2D 2D 5D ...
[23:56:16] len=77 line=1
  F0 47 7F 15 18 00 45 00 5B 23 23 23 23 2D 2D 5D ...
[23:56:16] len=77 line=1
  F0 47 7F 15 18 00 45 00 5B 23 23 23 23 2D 2D 5D ...
[23:56:16] len=77 line=1
  F0 47 7F 15 18 00 45 00 5B 23 23 23 23 23 2D 5D ...
[23:56:16] len=77 line=1
  F0 47 7F 15 18 00 45 00 5B 23 23 23 23 23 2D 5D ...
[23:56:16] len=77 line=1
  F0 47 7F 15 18 00 45 00 5B 23 23 23 23 23 2D 5D ...
[23:56:16] len=77 line=1
  F0 47 7F 15 18 00 45 00 5B 23 23 23 23 23 23 5D ...
[23:56:16] len=77 line=1
  F0 47 7F 15 18 00 45 00 5B 23 23 23 23 23 23 5D ...
[23:56:16] len=77 line=1
  F0 47 7F 15 18 00 45 00 5B 23 23 23 23 23 23 5D ...
[23:56:16] len=77 line=1
  F0 47 7F 15 18 00 45 00 5B 23 23 23 23 23 23 5D ...
[23:56:16] len=77 line=1
  F0 47 7F 15 18 00 45 00 5B 23 23 23 23 23 23 5D ...
[23:56:16] len=77 line=1
  F0 47 7F 15 18 00 45 00 5B 23 23 23 23 23 23 5D ...
[23:56:16] len=77 line=1
  F0 47 7F 15 18 00 45 00 5B 23 23 23 23 23 23 5D ...
[23:56:16] len=77 line=1
  F0 47 7F 15 18 00 45 00 5B 23 23 23 23 23 23 5D ...
[23:56:16] len=77 line=1
  F0 47 7F 15 18 00 45 00 5B 23 23 23 23 23 23 5D ...
[23:56:16] len=77 line=1
  F0 47 7F 15 18 00 45 00 5B 23 23 23 23 23 23 5D ...
[23:56:16] len=77 line=1
  F0 47 7F 15 18 00 45 00 5B 23 23 23 23 23 23 5D ...
[23:56:16] len=77 line=1
  F0 47 7F 15 18 00 45 00 5B 23 23 23 23 23 23 5D ...
[23:56:16] len=77 line=1
  F0 47 7F 15 18 00 45 00 5B 23 23 23 23 23 23 5D ...
[23:56:16] len=77 line=1
  F0 47 7F 15 18 00 45 00 5B 23 23 23 23 23 23 5D ...
[23:56:16] len=77 line=1
  F0 47 7F 15 18 00 45 00 5B 23 23 23 23 23 23 5D ...
[23:56:16] len=77 line=1
  F0 47 7F 15 18 00 45 00 5B 23 23 23 23 23 23 5D ...
[23:56:16] len=77 line=1
  F0 47 7F 15 18 00 45 00 5B 23 23 23 23 23 23 5D ...
[23:56:16] len=77 line=1
  F0 47 7F 15 18 00 45 00 5B 23 23 23 23 23 23 5D ...
[23:56:16] len=77 line=1
  F0 47 7F 15 18 00 45 00 5B 23 23 23 23 23 23 5D ...
[23:56:16] len=77 line=1
  F0 47 7F 15 18 00 45 00 5B 23 23 23 23 23 23 5D ...
[23:56:16] len=77 line=1
  F0 47 7F 15 18 00 45 00 5B 23 23 23 23 23 23 5D ...
[23:56:16] len=77 line=1
  F0 47 7F 15 18 00 45 00 5B 23 23 23 23 23 23 5D ...
[23:56:16] len=77 line=1
  F0 47 7F 15 18 00 45 00 5B 23 23 23 23 23 23 5D ...
[23:56:16] len=77 line=1
  F0 47 7F 15 18 00 45 00 5B 23 23 23 23 23 23 5D ...
[23:56:16] len=77 line=1
  F0 47 7F 15 18 00 45 00 5B 23 23 23 23 23 23 5D ...
[23:56:16] len=77 line=1
  F0 47 7F 15 18 00 45 00 5B 23 23 23 23 23 23 5D ...
[23:56:16] len=77 line=1
  F0 47 7F 15 18 00 45 00 5B 23 23 23 23 23 23 5D ...
[23:56:16] len=77 line=1
  F0 47 7F 15 18 00 45 00 5B 23 23 23 23 23 23 5D ...
[23:56:16] len=77 line=1
  F0 47 7F 15 18 00 45 00 5B 23 23 23 23 23 23 5D ...
[23:56:16] len=77 line=1
  F0 47 7F 15 18 00 45 00 5B 23 23 23 23 23 23 5D ...
[23:56:16] len=77 line=1
  F0 47 7F 15 18 00 45 00 5B 23 23 23 23 23 23 5D ...
[23:56:16] len=77 line=1
  F0 47 7F 15 18 00 45 00 5B 23 23 23 23 23 23 5D ...
[23:56:16] len=77 line=1
  F0 47 7F 15 18 00 45 00 5B 23 23 23 23 23 23 5D ...
[23:56:16] len=77 line=1
  F0 47 7F 15 18 00 45 00 5B 23 23 23 23 23 23 5D ...
[23:56:16] len=77 line=1
  F0 47 7F 15 18 00 45 00 5B 23 23 23 23 23 23 5D ...
[23:56:16] len=77 line=1
  F0 47 7F 15 18 00 45 00 5B 23 23 23 23 23 23 5D ...
[23:56:16] len=77 line=1
  F0 47 7F 15 18 00 45 00 5B 23 23 23 23 23 23 5D ...
[23:56:16] len=77 line=1
  F0 47 7F 15 18 00 45 00 5B 23 23 23 23 23 23 5D ...
[23:56:16] len=77 line=1
  F0 47 7F 15 18 00 45 00 5B 23 23 23 23 23 23 5D ...
[23:56:16] len=77 line=1
  F0 47 7F 15 18 00 45 00 5B 23 23 23 23 23 23 5D ...
[23:56:16] len=77 line=1
  F0 47 7F 15 18 00 45 00 5B 23 23 23 23 23 23 5D ...
[23:56:16] len=77 line=1
  F0 47 7F 15 18 00 45 00 5B 23 23 23 23 23 23 5D ...
[23:56:16] len=77 line=1
  F0 47 7F 15 18 00 45 00 5B 23 23 23 23 23 23 5D ...
[23:56:16] len=77 line=1
  F0 47 7F 15 18 00 45 00 5B 23 23 23 23 23 23 5D ...
[23:56:16] len=77 line=1
  F0 47 7F 15 18 00 45 00 5B 23 23 23 23 23 23 5D ...
[23:56:16] len=77 line=1
  F0 47 7F 15 18 00 45 00 5B 23 23 23 23 23 23 5D ...
[23:56:16] len=77 line=1
  F0 47 7F 15 18 00 45 00 5B 23 23 23 23 23 23 5D ...
[23:56:16] len=77 line=1
  F0 47 7F 15 18 00 45 00 5B 23 23 23 23 23 23 5D ...
[23:56:16] len=77 line=1
  F0 47 7F 15 18 00 45 00 5B 23 23 23 23 23 23 5D ...
[23:56:16] len=77 line=1
  F0 47 7F 15 18 00 45 00 5B 23 23 23 23 23 23 5D ...
[23:56:16] len=77 line=1
  F0 47 7F 15 18 00 45 00 5B 23 23 23 23 23 23 5D ...
[23:56:16] len=77 line=1
  F0 47 7F 15 18 00 45 00 5B 23 23 23 23 23 23 5D ...
[23:56:17] len=77 line=1
  F0 47 7F 15 18 00 45 00 5B 23 23 23 23 23 23 5D ...
[23:56:17] len=77 line=1
  F0 47 7F 15 18 00 45 00 5B 23 23 23 23 23 23 5D ...
[23:56:17] len=77 line=1
  F0 47 7F 15 18 00 45 00 5B 23 23 23 23 23 23 5D ...
[23:56:17] len=77 line=1
  F0 47 7F 15 18 00 45 00 5B 23 23 23 23 23 23 5D ...
[23:56:17] len=77 line=1
  F0 47 7F 15 18 00 45 00 5B 23 23 23 23 23 23 5D ...
[23:56:17] len=77 line=1
  F0 47 7F 15 18 00 45 00 5B 23 23 23 23 23 23 5D ...
[23:56:17] len=77 line=1
  F0 47 7F 15 18 00 45 00 5B 23 23 23 23 23 23 5D ...
[23:56:17] len=77 line=1
  F0 47 7F 15 18 00 45 00 5B 23 23 23 23 23 23 5D ...
[23:56:17] len=77 line=1
  F0 47 7F 15 18 00 45 00 5B 23 23 23 23 23 23 5D ...
[23:56:17] len=77 line=1
  F0 47 7F 15 18 00 45 00 5B 23 23 23 23 23 23 5D ...
[23:56:17] len=77 line=1
  F0 47 7F 15 18 00 45 00 5B 23 23 23 23 23 23 5D ...
[23:56:17] len=77 line=1
  F0 47 7F 15 18 00 45 00 5B 23 23 23 23 23 23 5D ...
[23:56:17] len=77 line=1
  F0 47 7F 15 18 00 45 00 5B 23 23 23 23 23 23 5D ...
[23:56:17] len=77 line=1
  F0 47 7F 15 18 00 45 00 5B 23 23 23 23 23 23 5D ...
[23:56:17] len=77 line=1
  F0 47 7F 15 18 00 45 00 5B 23 23 23 23 23 23 5D ...
[23:56:17] len=77 line=1
  F0 47 7F 15 18 00 45 00 5B 23 23 23 23 23 23 5D ...
[23:56:17] len=77 line=1
  F0 47 7F 15 18 00 45 00 5B 23 23 23 23 23 23 5D ...
[23:56:17] len=77 line=1
  F0 47 7F 15 18 00 45 00 5B 23 23 23 23 23 23 5D ...
[23:56:17] len=77 line=1
  F0 47 7F 15 18 00 45 00 5B 23 23 23 23 23 23 5D ...
[23:56:17] len=77 line=1
  F0 47 7F 15 18 00 45 00 5B 23 23 23 23 23 23 5D ...
[23:56:17] len=77 line=1
  F0 47 7F 15 18 00 45 00 5B 23 23 23 23 23 23 5D ...
[23:56:17] len=77 line=1
  F0 47 7F 15 18 00 45 00 5B 23 23 23 23 23 23 5D ...
[23:56:17] len=77 line=1
  F0 47 7F 15 18 00 45 00 5B 23 23 23 23 23 23 5D ...
[23:56:17] len=77 line=1
  F0 47 7F 15 18 00 45 00 5B 23 23 23 23 23 23 5D ...
[23:56:17] len=77 line=1
  F0 47 7F 15 18 00 45 00 5B 23 23 23 23 23 23 5D ...
[23:56:17] len=77 line=1
  F0 47 7F 15 18 00 45 00 5B 23 23 23 23 23 23 5D ...
[23:56:17] len=77 line=1
  F0 47 7F 15 18 00 45 00 5B 23 23 23 23 23 23 5D ...
[23:56:17] len=77 line=1
  F0 47 7F 15 18 00 45 00 5B 23 23 23 23 23 23 5D ...
[23:56:17] len=77 line=1
  F0 47 7F 15 18 00 45 00 5B 23 23 23 23 23 23 5D ...
[23:56:17] len=77 line=1
  F0 47 7F 15 18 00 45 00 5B 23 23 23 23 23 23 5D ...
[23:56:17] len=77 line=1
  F0 47 7F 15 18 00 45 00 5B 23 23 23 23 23 23 5D ...
[23:56:17] len=77 line=1
  F0 47 7F 15 18 00 45 00 5B 23 23 23 23 23 23 5D ...
[23:56:17] len=77 line=1
  F0 47 7F 15 18 00 45 00 5B 23 23 23 23 23 23 5D ...
[23:56:17] len=77 line=1
  F0 47 7F 15 18 00 45 00 5B 23 23 23 23 23 23 5D ...
[23:56:17] len=77 line=1
  F0 47 7F 15 18 00 45 00 5B 23 23 23 23 23 23 5D ...
[23:56:17] len=77 line=1
  F0 47 7F 15 18 00 45 00 5B 23 23 23 23 23 23 5D ...
[23:56:17] len=77 line=1
  F0 47 7F 15 18 00 45 00 5B 23 23 23 23 23 23 5D ...
[23:56:17] len=77 line=1
  F0 47 7F 15 18 00 45 00 5B 23 23 23 23 23 23 5D ...
[23:56:17] len=77 line=1
  F0 47 7F 15 18 00 45 00 5B 23 23 23 23 23 23 5D ...
[23:56:17] len=77 line=1
  F0 47 7F 15 18 00 45 00 5B 23 23 23 23 23 23 5D ...
[23:56:17] len=77 line=1
  F0 47 7F 15 18 00 45 00 5B 23 23 23 23 23 23 5D ...
[23:56:17] len=77 line=1
  F0 47 7F 15 18 00 45 00 5B 23 23 23 23 23 23 5D ...
[23:56:17] len=77 line=1
  F0 47 7F 15 18 00 45 00 5B 23 23 23 23 23 23 5D ...
[23:56:17] len=77 line=1
  F0 47 7F 15 18 00 45 00 5B 23 23 23 23 23 23 5D ...
[23:56:17] len=77 line=1
  F0 47 7F 15 18 00 45 00 5B 23 23 23 23 23 23 5D ...
[23:56:17] len=77 line=1
  F0 47 7F 15 18 00 45 00 5B 23 23 23 23 23 23 5D ...
[23:56:17] len=77 line=1
  F0 47 7F 15 18 00 45 00 5B 23 23 23 23 23 23 5D ...
[23:56:17] len=77 line=1
  F0 47 7F 15 18 00 45 00 5B 23 23 23 23 23 23 5D ...
[23:56:17] len=77 line=1
  F0 47 7F 15 18 00 45 00 5B 23 23 23 23 23 23 5D ...
[23:56:17] len=77 line=1
  F0 47 7F 15 18 00 45 00 5B 23 23 23 23 23 23 5D ...
[23:56:17] len=77 line=1
  F0 47 7F 15 18 00 45 00 5B 23 23 23 23 23 23 5D ...
[23:56:17] len=77 line=1
  F0 47 7F 15 18 00 45 00 5B 23 23 23 23 23 23 5D ...
[23:56:17] len=77 line=1
  F0 47 7F 15 18 00 45 00 5B 23 23 23 23 23 23 5D ...
[23:56:17] len=77 line=1
  F0 47 7F 15 18 00 45 00 5B 23 23 23 23 23 23 5D ...
[23:56:17] len=77 line=1
  F0 47 7F 15 18 00 45 00 5B 23 23 23 23 23 23 5D ...
[23:56:17] len=77 line=1
  F0 47 7F 15 18 00 45 00 5B 23 23 23 23 23 23 5D ...
[23:56:17] len=77 line=1
  F0 47 7F 15 18 00 45 00 5B 23 23 23 23 23 23 5D ...
[23:56:17] len=77 line=1
  F0 47 7F 15 18 00 45 00 5B 23 23 23 23 23 23 5D ...
[23:56:19] len=77 line=1
  F0 47 7F 15 18 00 45 00 5B 23 23 23 23 23 23 5D ...
[23:56:19] len=77 line=1
  F0 47 7F 15 18 00 45 00 5B 23 23 23 23 23 23 5D ...
[23:56:20] len=77 line=1
  F0 47 7F 15 18 00 45 00 5B 23 23 23 23 23 23 5D ...
[23:56:20] len=77 line=1
  F0 47 7F 15 18 00 45 00 5B 23 23 23 23 23 23 5D ...
[23:56:20] len=77 line=1
  F0 47 7F 15 18 00 45 00 5B 23 23 23 23 23 23 5D ...
[23:56:20] len=77 line=1
  F0 47 7F 15 18 00 45 00 5B 23 23 23 23 23 23 5D ...
[23:56:20] len=77 line=1
  F0 47 7F 15 18 00 45 00 5B 23 23 23 23 23 23 5D ...
[23:56:20] len=77 line=1
  F0 47 7F 15 18 00 45 00 5B 23 23 23 23 23 23 5D ...
[00:08:17] len=77 line=1
  F0 47 7F 15 18 00 45 00 5B 23 23 23 23 23 23 5D ...
[00:08:17] len=77 line=1
  F0 47 7F 15 18 00 45 00 5B 23 23 23 23 2D 2D 5D ...
[00:08:17] len=77 line=1
  F0 47 7F 15 18 00 45 00 5B 23 23 23 23 2D 2D 5D ...
[00:08:17] len=77 line=1
  F0 47 7F 15 18 00 45 00 5B 23 23 23 2D 2D 2D 5D ...
[00:08:17] len=77 line=1
  F0 47 7F 15 18 00 45 00 5B 23 23 23 2D 2D 2D 5D ...
[00:08:17] len=77 line=1
  F0 47 7F 15 18 00 45 00 5B 23 23 23 2D 2D 2D 5D ...
[00:08:17] len=77 line=1
  F0 47 7F 15 18 00 45 00 5B 23 23 23 2D 2D 2D 5D ...
[00:08:17] len=77 line=1
  F0 47 7F 15 18 00 45 00 5B 23 23 23 2D 2D 2D 5D ...
[00:08:17] len=77 line=1
  F0 47 7F 15 18 00 45 00 5B 23 23 23 2D 2D 2D 5D ...
[00:08:17] len=77 line=1
  F0 47 7F 15 18 00 45 00 5B 23 23 23 2D 2D 2D 5D ...
[00:08:17] len=77 line=1
  F0 47 7F 15 18 00 45 00 5B 23 23 23 2D 2D 2D 5D ...
[00:08:17] len=77 line=1
  F0 47 7F 15 18 00 45 00 5B 23 23 23 2D 2D 2D 5D ...
[00:08:17] len=77 line=1
  F0 47 7F 15 18 00 45 00 5B 23 23 23 2D 2D 2D 5D ...
[00:08:17] len=77 line=1
  F0 47 7F 15 18 00 45 00 5B 23 23 2D 2D 2D 2D 5D ...
[00:08:17] len=77 line=1
  F0 47 7F 15 18 00 45 00 5B 23 23 2D 2D 2D 2D 5D ...
[00:08:17] len=77 line=1
  F0 47 7F 15 18 00 45 00 5B 23 23 2D 2D 2D 2D 5D ...
[00:08:17] len=77 line=1
  F0 47 7F 15 18 00 45 00 5B 23 23 2D 2D 2D 2D 5D ...
[00:08:17] len=77 line=1
  F0 47 7F 15 18 00 45 00 5B 23 23 2D 2D 2D 2D 5D ...
[00:08:17] len=77 line=1
  F0 47 7F 15 18 00 45 00 5B 23 23 2D 2D 2D 2D 5D ...
[00:08:17] len=77 line=1
  F0 47 7F 15 18 00 45 00 5B 23 23 2D 2D 2D 2D 5D ...
[00:08:17] len=77 line=1
  F0 47 7F 15 18 00 45 00 5B 23 2D 2D 2D 2D 2D 5D ...
[00:08:17] len=77 line=1
  F0 47 7F 15 18 00 45 00 5B 23 2D 2D 2D 2D 2D 5D ...
[00:08:17] len=77 line=1
  F0 47 7F 15 18 00 45 00 5B 23 2D 2D 2D 2D 2D 5D ...
[00:08:17] len=77 line=1
  F0 47 7F 15 18 00 45 00 5B 23 2D 2D 2D 2D 2D 5D ...
[00:08:23] len=77 line=1
  F0 47 7F 15 18 00 45 00 5B 23 2D 2D 2D 2D 2D 5D ...
[00:08:23] len=77 line=1
  F0 47 7F 15 18 00 45 00 5B 23 23 2D 2D 2D 2D 5D ...
[00:08:23] len=77 line=1
  F0 47 7F 15 18 00 45 00 5B 23 23 2D 2D 2D 2D 5D ...
[00:08:23] len=77 line=1
  F0 47 7F 15 18 00 45 00 5B 23 23 2D 2D 2D 2D 5D ...
[00:08:23] len=77 line=1
  F0 47 7F 15 18 00 45 00 5B 23 23 2D 2D 2D 2D 5D ...
[00:08:23] len=77 line=1
  F0 47 7F 15 18 00 45 00 5B 23 23 2D 2D 2D 2D 5D ...
[00:08:23] len=77 line=1
  F0 47 7F 15 18 00 45 00 5B 23 23 2D 2D 2D 2D 5D ...
[00:08:23] len=77 line=1
  F0 47 7F 15 18 00 45 00 5B 23 23 23 2D 2D 2D 5D ...
[00:08:23] len=77 line=1
  F0 47 7F 15 18 00 45 00 5B 23 23 23 2D 2D 2D 5D ...
[00:08:23] len=77 line=1
  F0 47 7F 15 18 00 45 00 5B 23 23 23 2D 2D 2D 5D ...
[00:08:23] len=77 line=1
  F0 47 7F 15 18 00 45 00 5B 23 23 23 2D 2D 2D 5D ...
[00:08:23] len=77 line=1
  F0 47 7F 15 18 00 45 00 5B 23 23 23 2D 2D 2D 5D ...
[00:08:23] len=77 line=1
  F0 47 7F 15 18 00 45 00 5B 23 23 23 2D 2D 2D 5D ...
[00:08:23] len=77 line=1
  F0 47 7F 15 18 00 45 00 5B 23 23 23 2D 2D 2D 5D ...
[00:08:23] len=77 line=1
  F0 47 7F 15 18 00 45 00 5B 23 23 23 2D 2D 2D 5D ...
[00:08:23] len=77 line=1
  F0 47 7F 15 18 00 45 00 5B 23 23 23 2D 2D 2D 5D ...
[00:08:23] len=77 line=1
  F0 47 7F 15 18 00 45 00 5B 23 23 23 2D 2D 2D 5D ...
[00:08:23] len=77 line=1
  F0 47 7F 15 18 00 45 00 5B 23 23 23 2D 2D 2D 5D ...
[00:08:23] len=77 line=1
  F0 47 7F 15 18 00 45 00 5B 23 23 23 23 2D 2D 5D ...
[00:08:23] len=77 line=1
  F0 47 7F 15 18 00 45 00 5B 23 23 23 23 2D 2D 5D ...
[00:08:23] len=77 line=1
  F0 47 7F 15 18 00 45 00 5B 23 23 23 23 2D 2D 5D ...
[00:08:23] len=77 line=1
  F0 47 7F 15 18 00 45 00 5B 23 23 23 23 2D 2D 5D ...
[00:08:23] len=77 line=1
  F0 47 7F 15 18 00 45 00 5B 23 23 23 23 2D 2D 5D ...
[00:08:23] len=77 line=1
  F0 47 7F 15 18 00 45 00 5B 23 23 23 23 2D 2D 5D ...
[00:08:23] len=77 line=1
  F0 47 7F 15 18 00 45 00 5B 23 23 23 23 2D 2D 5D ...
[00:08:23] len=77 line=1
  F0 47 7F 15 18 00 45 00 5B 23 23 23 2D 2D 2D 5D ...
[00:08:23] len=77 line=1
  F0 47 7F 15 18 00 45 00 5B 23 23 23 2D 2D 2D 5D ...
[00:08:23] len=77 line=1
  F0 47 7F 15 18 00 45 00 5B 23 23 23 2D 2D 2D 5D ...
[00:08:23] len=77 line=1
  F0 47 7F 15 18 00 45 00 5B 23 23 23 2D 2D 2D 5D ...
[00:08:23] len=77 line=1
  F0 47 7F 15 18 00 45 00 5B 23 23 23 2D 2D 2D 5D ...
[00:08:23] len=77 line=1
  F0 47 7F 15 18 00 45 00 5B 23 23 23 2D 2D 2D 5D ...
[00:08:23] len=77 line=1
  F0 47 7F 15 18 00 45 00 5B 23 23 23 2D 2D 2D 5D ...
[00:08:23] len=77 line=1
  F0 47 7F 15 18 00 45 00 5B 23 23 23 2D 2D 2D 5D ...
[00:08:41] len=77 line=1
  F0 47 7F 15 18 00 45 00 5B 23 23 23 2D 2D 2D 5D ...
[00:08:41] len=77 line=1
  F0 47 7F 15 18 00 45 00 5B 23 23 23 23 23 2D 5D ...
[00:08:41] len=77 line=1
  F0 47 7F 15 18 00 45 00 5B 23 23 23 23 23 2D 5D ...
[00:08:41] len=77 line=1
  F0 47 7F 15 18 00 45 00 5B 23 23 23 23 23 2D 5D ...
[00:08:41] len=77 line=1
  F0 47 7F 15 18 00 45 00 5B 23 23 23 23 23 23 5D ...
[00:08:41] len=77 line=1
  F0 47 7F 15 18 00 45 00 5B 23 23 23 23 23 23 5D ...
[00:08:41] len=77 line=1
  F0 47 7F 15 18 00 45 00 5B 23 23 23 23 23 23 5D ...
[00:08:41] len=77 line=1
  F0 47 7F 15 18 00 45 00 5B 23 23 23 23 23 23 5D ...
[00:08:41] len=77 line=1
  F0 47 7F 15 18 00 45 00 5B 23 23 23 23 23 23 5D ...
[00:08:42] len=77 line=1
  F0 47 7F 15 18 00 45 00 5B 23 23 23 23 23 23 5D ...
[00:08:42] len=77 line=1
  F0 47 7F 15 18 00 45 00 5B 23 23 23 23 23 23 5D ...
[00:08:42] len=77 line=1
  F0 47 7F 15 18 00 45 00 5B 23 23 23 23 23 23 5D ...
[00:08:42] len=77 line=1
  F0 47 7F 15 18 00 45 00 5B 23 23 23 23 23 23 5D ...
[00:08:42] len=77 line=1
  F0 47 7F 15 18 00 45 00 5B 23 23 23 23 23 23 5D ...
[00:08:42] len=77 line=1
  F0 47 7F 15 18 00 45 00 5B 23 23 23 23 23 23 5D ...
[00:16:47] len=77 line=1
  F0 47 7F 15 18 00 45 00 20 20 20 20 20 20 20 20 ...
[00:16:47] len=77 line=2
  F0 47 7F 15 19 00 45 00 20 20 20 20 20 20 20 20 ...
[00:16:47] len=77 line=3
  F0 47 7F 15 1A 00 45 00 20 20 20 20 20 20 20 20 ...
[00:16:47] len=77 line=4
  F0 47 7F 15 1B 00 45 00 20 20 20 20 20 20 20 20 ...
[00:16:47] len=77 line=2
  F0 47 7F 15 19 00 45 00 00 01 02 03 04 05 06 07 ...
[00:16:47] len=77 line=3
  F0 47 7F 15 1A 00 45 00 44 45 46 47 48 49 4A 4B ...
[00:16:47] len=77 line=4
  F0 47 7F 15 1B 00 45 00 41 4C 4C 20 31 32 38 20 ...
[00:16:47] len=77 line=1
  F0 47 7F 15 18 00 45 00 5B 23 23 23 23 23 23 5D ...
[00:17:03] len=77 line=1
  F0 47 7F 15 18 00 45 00 5B 23 23 23 23 23 23 5D ...
[00:17:03] len=77 line=1
  F0 47 7F 15 18 00 45 00 5B 23 23 23 23 23 23 5D ...
[00:17:03] len=77 line=1
  F0 47 7F 15 18 00 45 00 5B 23 23 23 23 23 2D 5D ...
[00:17:03] len=77 line=1
  F0 47 7F 15 18 00 45 00 5B 23 23 23 23 23 2D 5D ...
[00:17:03] len=77 line=1
  F0 47 7F 15 18 00 45 00 5B 23 23 23 23 23 2D 5D ...
[00:17:03] len=77 line=1
  F0 47 7F 15 18 00 45 00 5B 23 23 23 23 23 2D 5D ...
[00:17:03] len=77 line=1
  F0 47 7F 15 18 00 45 00 5B 23 23 23 23 23 2D 5D ...
[00:17:03] len=77 line=1
  F0 47 7F 15 18 00 45 00 5B 23 23 23 23 23 2D 5D ...
[00:17:03] len=77 line=1
  F0 47 7F 15 18 00 45 00 5B 23 23 23 23 23 2D 5D ...
[00:17:03] len=77 line=1
  F0 47 7F 15 18 00 45 00 5B 23 23 23 23 2D 2D 5D ...
[00:17:03] len=77 line=1
  F0 47 7F 15 18 00 45 00 5B 23 23 23 23 2D 2D 5D ...
[00:17:03] len=77 line=1
  F0 47 7F 15 18 00 45 00 5B 23 23 23 23 2D 2D 5D ...
[00:17:03] len=77 line=1
  F0 47 7F 15 18 00 45 00 5B 23 23 23 23 2D 2D 5D ...
[00:17:03] len=77 line=1
  F0 47 7F 15 18 00 45 00 5B 23 23 23 23 2D 2D 5D ...
[00:17:03] len=77 line=1
  F0 47 7F 15 18 00 45 00 5B 23 23 23 23 2D 2D 5D ...
[00:17:03] len=77 line=1
  F0 47 7F 15 18 00 45 00 5B 23 23 23 23 2D 2D 5D ...
[00:17:03] len=77 line=1
  F0 47 7F 15 18 00 45 00 5B 23 23 23 2D 2D 2D 5D ...
[00:17:03] len=77 line=1
  F0 47 7F 15 18 00 45 00 5B 23 23 23 2D 2D 2D 5D ...
[00:17:03] len=77 line=1
  F0 47 7F 15 18 00 45 00 5B 23 23 23 2D 2D 2D 5D ...
[00:17:03] len=77 line=1
  F0 47 7F 15 18 00 45 00 5B 23 23 23 2D 2D 2D 5D ...
[00:17:03] len=77 line=1
  F0 47 7F 15 18 00 45 00 5B 23 23 23 2D 2D 2D 5D ...
[00:17:03] len=77 line=1
  F0 47 7F 15 18 00 45 00 5B 23 23 23 2D 2D 2D 5D ...
[00:17:03] len=77 line=1
  F0 47 7F 15 18 00 45 00 5B 23 23 23 2D 2D 2D 5D ...
[00:17:03] len=77 line=1
  F0 47 7F 15 18 00 45 00 5B 23 23 23 2D 2D 2D 5D ...
[00:17:03] len=77 line=1
  F0 47 7F 15 18 00 45 00 5B 23 23 23 2D 2D 2D 5D ...
[00:17:03] len=77 line=1
  F0 47 7F 15 18 00 45 00 5B 23 23 23 2D 2D 2D 5D ...
[00:17:03] len=77 line=1
  F0 47 7F 15 18 00 45 00 5B 23 23 2D 2D 2D 2D 5D ...
[00:17:03] len=77 line=1
  F0 47 7F 15 18 00 45 00 5B 23 23 2D 2D 2D 2D 5D ...
[00:17:03] len=77 line=1
  F0 47 7F 15 18 00 45 00 5B 23 23 2D 2D 2D 2D 5D ...
[00:17:03] len=77 line=1
  F0 47 7F 15 18 00 45 00 5B 23 23 2D 2D 2D 2D 5D ...
[00:17:03] len=77 line=1
  F0 47 7F 15 18 00 45 00 5B 23 23 2D 2D 2D 2D 5D ...
[00:17:03] len=77 line=1
  F0 47 7F 15 18 00 45 00 5B 23 23 2D 2D 2D 2D 5D ...
[00:17:03] len=77 line=1
  F0 47 7F 15 18 00 45 00 5B 23 23 2D 2D 2D 2D 5D ...
[00:17:03] len=77 line=1
  F0 47 7F 15 18 00 45 00 5B 23 23 2D 2D 2D 2D 5D ...
[00:17:03] len=77 line=1
  F0 47 7F 15 18 00 45 00 5B 23 23 2D 2D 2D 2D 5D ...
[00:17:03] len=77 line=1
  F0 47 7F 15 18 00 45 00 5B 23 2D 2D 2D 2D 2D 5D ...
[00:17:03] len=77 line=1
  F0 47 7F 15 18 00 45 00 5B 23 2D 2D 2D 2D 2D 5D ...
[00:17:03] len=77 line=1
  F0 47 7F 15 18 00 45 00 5B 23 2D 2D 2D 2D 2D 5D ...
[00:17:03] len=77 line=1
  F0 47 7F 15 18 00 45 00 5B 23 2D 2D 2D 2D 2D 5D ...
[00:17:03] len=77 line=1
  F0 47 7F 15 18 00 45 00 5B 23 2D 2D 2D 2D 2D 5D ...
[00:17:03] len=77 line=1
  F0 47 7F 15 18 00 45 00 5B 23 2D 2D 2D 2D 2D 5D ...
[00:17:03] len=77 line=1
  F0 47 7F 15 18 00 45 00 5B 23 2D 2D 2D 2D 2D 5D ...
[00:17:03] len=77 line=1
  F0 47 7F 15 18 00 45 00 5B 23 2D 2D 2D 2D 2D 5D ...
[00:17:03] len=77 line=1
  F0 47 7F 15 18 00 45 00 5B 23 2D 2D 2D 2D 2D 5D ...
[00:17:03] len=77 line=1
  F0 47 7F 15 18 00 45 00 5B 23 2D 2D 2D 2D 2D 5D ...
[00:17:03] len=77 line=1
  F0 47 7F 15 18 00 45 00 5B 23 2D 2D 2D 2D 2D 5D ...
[00:17:03] len=77 line=1
  F0 47 7F 15 18 00 45 00 5B 23 2D 2D 2D 2D 2D 5D ...
[00:17:03] len=77 line=1
  F0 47 7F 15 18 00 45 00 5B 23 2D 2D 2D 2D 2D 5D ...
[00:17:03] len=77 line=1
  F0 47 7F 15 18 00 45 00 5B 23 2D 2D 2D 2D 2D 5D ...
[00:17:03] len=77 line=1
  F0 47 7F 15 18 00 45 00 5B 2D 2D 2D 2D 2D 2D 5D ...
[00:17:03] len=77 line=1
  F0 47 7F 15 18 00 45 00 5B 2D 2D 2D 2D 2D 2D 5D ...
[00:17:04] len=77 line=1
  F0 47 7F 15 18 00 45 00 5B 2D 2D 2D 2D 2D 2D 5D ...
[00:17:04] len=77 line=1
  F0 47 7F 15 18 00 45 00 5B 2D 2D 2D 2D 2D 2D 5D ...
[00:17:04] len=77 line=1
  F0 47 7F 15 18 00 45 00 5B 2D 2D 2D 2D 2D 2D 5D ...
[00:17:04] len=77 line=1
  F0 47 7F 15 18 00 45 00 5B 2D 2D 2D 2D 2D 2D 5D ...
[00:17:04] len=77 line=1
  F0 47 7F 15 18 00 45 00 5B 2D 2D 2D 2D 2D 2D 5D ...
[00:17:04] len=77 line=1
  F0 47 7F 15 18 00 45 00 5B 2D 2D 2D 2D 2D 2D 5D ...
[00:17:04] len=77 line=1
  F0 47 7F 15 18 00 45 00 5B 2D 2D 2D 2D 2D 2D 5D ...
[00:17:04] len=77 line=1
  F0 47 7F 15 18 00 45 00 5B 2D 2D 2D 2D 2D 2D 5D ...
[00:17:04] len=77 line=1
  F0 47 7F 15 18 00 45 00 5B 2D 2D 2D 2D 2D 2D 5D ...
[00:17:04] len=77 line=1
  F0 47 7F 15 18 00 45 00 5B 2D 2D 2D 2D 2D 2D 5D ...
[00:17:04] len=77 line=1
  F0 47 7F 15 18 00 45 00 5B 2D 2D 2D 2D 2D 2D 5D ...
[00:17:04] len=77 line=1
  F0 47 7F 15 18 00 45 00 5B 2D 2D 2D 2D 2D 2D 5D ...
[00:17:04] len=77 line=1
  F0 47 7F 15 18 00 45 00 5B 2D 2D 2D 2D 2D 2D 5D ...
[00:17:04] len=77 line=1
  F0 47 7F 15 18 00 45 00 5B 23 2D 2D 2D 2D 2D 5D ...
[00:17:04] len=77 line=1
  F0 47 7F 15 18 00 45 00 5B 23 2D 2D 2D 2D 2D 5D ...
[00:17:04] len=77 line=1
  F0 47 7F 15 18 00 45 00 5B 23 2D 2D 2D 2D 2D 5D ...
[00:17:04] len=77 line=1
  F0 47 7F 15 18 00 45 00 5B 23 2D 2D 2D 2D 2D 5D ...
[00:17:04] len=77 line=1
  F0 47 7F 15 18 00 45 00 5B 23 23 2D 2D 2D 2D 5D ...
[00:17:04] len=77 line=1
  F0 47 7F 15 18 00 45 00 5B 23 23 2D 2D 2D 2D 5D ...
[00:17:04] len=77 line=1
  F0 47 7F 15 18 00 45 00 5B 23 23 23 2D 2D 2D 5D ...
[00:17:04] len=77 line=1
  F0 47 7F 15 18 00 45 00 5B 23 23 23 23 2D 2D 5D ...
[00:17:04] len=77 line=1
  F0 47 7F 15 18 00 45 00 5B 23 23 23 23 2D 2D 5D ...
[00:17:04] len=77 line=1
  F0 47 7F 15 18 00 45 00 5B 23 23 23 23 23 2D 5D ...
[00:17:04] len=77 line=1
  F0 47 7F 15 18 00 45 00 5B 23 23 23 23 23 23 5D ...
[00:17:04] len=77 line=1
  F0 47 7F 15 18 00 45 00 5B 23 23 23 23 23 23 5D ...
[00:17:04] len=77 line=1
  F0 47 7F 15 18 00 45 00 5B 23 23 23 23 23 23 5D ...
[00:17:04] len=77 line=1
  F0 47 7F 15 18 00 45 00 5B 23 23 23 23 23 23 5D ...
[00:17:04] len=77 line=1
  F0 47 7F 15 18 00 45 00 5B 23 23 23 23 23 23 5D ...
[00:17:04] len=77 line=1
  F0 47 7F 15 18 00 45 00 5B 23 23 23 23 23 23 5D ...
[00:17:04] len=77 line=1
  F0 47 7F 15 18 00 45 00 5B 23 23 23 23 23 23 5D ...
[00:17:04] len=77 line=1
  F0 47 7F 15 18 00 45 00 5B 23 23 23 23 23 23 5D ...
[00:17:04] len=77 line=1
  F0 47 7F 15 18 00 45 00 5B 23 23 23 23 23 23 5D ...
[00:17:04] len=77 line=1
  F0 47 7F 15 18 00 45 00 5B 23 23 23 23 23 23 5D ...
[00:17:04] len=77 line=1
  F0 47 7F 15 18 00 45 00 5B 23 23 23 23 23 23 5D ...
[00:17:04] len=77 line=1
  F0 47 7F 15 18 00 45 00 5B 23 23 23 23 23 23 5D ...
[00:17:04] len=77 line=1
  F0 47 7F 15 18 00 45 00 5B 23 23 23 23 23 23 5D ...
[00:17:04] len=77 line=1
  F0 47 7F 15 18 00 45 00 5B 23 23 23 23 23 23 5D ...
[00:17:04] len=77 line=1
  F0 47 7F 15 18 00 45 00 5B 23 23 23 23 23 23 5D ...
[00:17:04] len=77 line=1
  F0 47 7F 15 18 00 45 00 5B 23 23 23 23 23 23 5D ...
[00:17:04] len=77 line=1
  F0 47 7F 15 18 00 45 00 5B 23 23 23 23 23 23 5D ...
[00:17:04] len=77 line=1
  F0 47 7F 15 18 00 45 00 5B 23 23 23 23 23 23 5D ...
[00:17:04] len=77 line=1
  F0 47 7F 15 18 00 45 00 5B 23 23 23 23 23 23 5D ...
[00:17:04] len=77 line=1
  F0 47 7F 15 18 00 45 00 5B 23 23 23 23 23 23 5D ...
[00:17:04] len=77 line=1
  F0 47 7F 15 18 00 45 00 5B 23 23 23 23 23 23 5D ...
[00:17:04] len=77 line=1
  F0 47 7F 15 18 00 45 00 5B 23 23 23 23 23 23 5D ...
[00:17:04] len=77 line=1
  F0 47 7F 15 18 00 45 00 5B 23 23 23 23 23 23 5D ...
[00:17:04] len=77 line=1
  F0 47 7F 15 18 00 45 00 5B 23 23 23 23 23 23 5D ...
[00:17:04] len=77 line=1
  F0 47 7F 15 18 00 45 00 5B 23 23 23 23 23 23 5D ...
[00:17:04] len=77 line=1
  F0 47 7F 15 18 00 45 00 5B 23 23 23 23 23 23 5D ...
[00:17:04] len=77 line=1
  F0 47 7F 15 18 00 45 00 5B 23 23 23 23 23 23 5D ...
[00:17:04] len=77 line=1
  F0 47 7F 15 18 00 45 00 5B 23 23 23 23 23 23 5D ...
[00:17:04] len=77 line=1
  F0 47 7F 15 18 00 45 00 5B 23 23 23 23 23 23 5D ...
[00:17:04] len=77 line=1
  F0 47 7F 15 18 00 45 00 5B 23 23 23 23 23 23 5D ...
[00:17:04] len=77 line=1
  F0 47 7F 15 18 00 45 00 5B 23 23 23 23 23 23 5D ...
[00:17:04] len=77 line=1
  F0 47 7F 15 18 00 45 00 5B 23 23 23 23 23 23 5D ...
[00:17:04] len=77 line=1
  F0 47 7F 15 18 00 45 00 5B 23 23 23 23 23 23 5D ...
[00:17:04] len=77 line=1
  F0 47 7F 15 18 00 45 00 5B 23 23 23 23 23 23 5D ...
[00:17:04] len=77 line=1
  F0 47 7F 15 18 00 45 00 5B 23 23 23 23 23 23 5D ...
[00:17:04] len=77 line=1
  F0 47 7F 15 18 00 45 00 5B 23 23 23 23 23 23 5D ...
[00:17:04] len=77 line=1
  F0 47 7F 15 18 00 45 00 5B 23 23 23 23 23 23 5D ...
[00:17:04] len=77 line=1
  F0 47 7F 15 18 00 45 00 5B 23 23 23 23 23 23 5D ...
[00:17:04] len=77 line=1
  F0 47 7F 15 18 00 45 00 5B 23 23 23 23 23 23 5D ...
[00:17:04] len=77 line=1
  F0 47 7F 15 18 00 45 00 5B 23 23 23 23 23 23 5D ...
[00:17:04] len=77 line=1
  F0 47 7F 15 18 00 45 00 5B 23 23 23 23 23 23 5D ...
[00:17:04] len=77 line=1
  F0 47 7F 15 18 00 45 00 5B 23 23 23 23 23 23 5D ...
[00:17:04] len=77 line=1
  F0 47 7F 15 18 00 45 00 5B 23 23 23 23 23 23 5D ...
[00:17:04] len=77 line=1
  F0 47 7F 15 18 00 45 00 5B 23 23 23 23 23 23 5D ...
[00:17:04] len=77 line=1
  F0 47 7F 15 18 00 45 00 5B 23 23 23 23 23 23 5D ...
[00:17:04] len=77 line=1
  F0 47 7F 15 18 00 45 00 5B 23 23 23 23 23 23 5D ...
[00:17:04] len=77 line=1
  F0 47 7F 15 18 00 45 00 5B 23 23 23 23 23 23 5D ...
[00:17:04] len=77 line=1
  F0 47 7F 15 18 00 45 00 5B 23 23 23 23 23 23 5D ...
[00:17:04] len=77 line=1
  F0 47 7F 15 18 00 45 00 5B 23 23 23 23 23 23 5D ...
[00:17:04] len=77 line=1
  F0 47 7F 15 18 00 45 00 5B 23 23 23 23 23 23 5D ...
[00:17:04] len=77 line=1
  F0 47 7F 15 18 00 45 00 5B 23 23 23 23 23 23 5D ...
[00:17:04] len=77 line=1
  F0 47 7F 15 18 00 45 00 5B 23 23 23 23 23 23 5D ...
[00:17:05] len=77 line=1
  F0 47 7F 15 18 00 45 00 5B 23 23 23 23 23 23 5D ...
[00:17:05] len=77 line=1
  F0 47 7F 15 18 00 45 00 5B 23 23 23 23 23 23 5D ...
[00:17:05] len=77 line=1
  F0 47 7F 15 18 00 45 00 5B 23 23 23 23 23 23 5D ...
[00:17:05] len=77 line=1
  F0 47 7F 15 18 00 45 00 5B 23 23 23 23 23 23 5D ...
[00:17:05] len=77 line=1
  F0 47 7F 15 18 00 45 00 5B 23 23 23 23 23 23 5D ...
[00:17:05] len=77 line=1
  F0 47 7F 15 18 00 45 00 5B 23 23 23 23 23 23 5D ...
[00:17:05] len=77 line=1
  F0 47 7F 15 18 00 45 00 5B 23 23 23 23 23 23 5D ...
[00:17:05] len=77 line=1
  F0 47 7F 15 18 00 45 00 5B 23 23 23 23 23 23 5D ...
[00:17:05] len=77 line=1
  F0 47 7F 15 18 00 45 00 5B 23 23 23 23 23 23 5D ...
[00:17:05] len=77 line=1
  F0 47 7F 15 18 00 45 00 5B 23 23 23 23 23 23 5D ...
[00:17:05] len=77 line=1
  F0 47 7F 15 18 00 45 00 5B 23 23 23 23 23 23 5D ...
[00:17:05] len=77 line=1
  F0 47 7F 15 18 00 45 00 5B 23 23 23 23 23 23 5D ...
[00:17:05] len=77 line=1
  F0 47 7F 15 18 00 45 00 5B 23 23 23 23 23 23 5D ...
[00:17:05] len=77 line=1
  F0 47 7F 15 18 00 45 00 5B 23 23 23 23 23 23 5D ...
[00:17:05] len=77 line=1
  F0 47 7F 15 18 00 45 00 5B 23 23 23 23 23 23 5D ...
[00:17:05] len=77 line=1
  F0 47 7F 15 18 00 45 00 5B 23 23 23 23 23 23 5D ...
[00:17:05] len=77 line=1
  F0 47 7F 15 18 00 45 00 5B 23 23 23 23 23 23 5D ...
[00:17:05] len=77 line=1
  F0 47 7F 15 18 00 45 00 5B 23 23 23 23 23 23 5D ...
[00:17:05] len=77 line=1
  F0 47 7F 15 18 00 45 00 5B 23 23 23 23 23 23 5D ...
[00:17:05] len=77 line=1
  F0 47 7F 15 18 00 45 00 5B 23 23 23 23 23 23 5D ...
[00:17:05] len=77 line=1
  F0 47 7F 15 18 00 45 00 5B 23 23 23 23 23 23 5D ...
[00:17:05] len=77 line=1
  F0 47 7F 15 18 00 45 00 5B 23 23 23 23 23 23 5D ...
[00:17:05] len=77 line=1
  F0 47 7F 15 18 00 45 00 5B 23 23 23 23 23 23 5D ...
[00:17:05] len=77 line=1
  F0 47 7F 15 18 00 45 00 5B 23 23 23 23 23 23 5D ...
[00:17:05] len=77 line=1
  F0 47 7F 15 18 00 45 00 5B 23 23 23 23 23 23 5D ...
[00:17:05] len=77 line=1
  F0 47 7F 15 18 00 45 00 5B 23 23 23 23 23 23 5D ...
[00:17:05] len=77 line=1
  F0 47 7F 15 18 00 45 00 5B 23 23 23 23 23 23 5D ...
[00:17:05] len=77 line=1
  F0 47 7F 15 18 00 45 00 5B 23 23 23 23 23 2D 5D ...
[00:17:05] len=77 line=1
  F0 47 7F 15 18 00 45 00 5B 23 23 23 23 23 2D 5D ...
[00:17:05] len=77 line=1
  F0 47 7F 15 18 00 45 00 5B 23 23 23 23 23 2D 5D ...
[00:17:05] len=77 line=1
  F0 47 7F 15 18 00 45 00 5B 23 23 23 23 23 2D 5D ...
[00:17:05] len=77 line=1
  F0 47 7F 15 18 00 45 00 5B 23 23 23 23 2D 2D 5D ...
[00:17:05] len=77 line=1
  F0 47 7F 15 18 00 45 00 5B 23 23 23 23 2D 2D 5D ...
[00:17:05] len=77 line=1
  F0 47 7F 15 18 00 45 00 5B 23 23 23 23 2D 2D 5D ...
[00:17:05] len=77 line=1
  F0 47 7F 15 18 00 45 00 5B 23 23 23 23 2D 2D 5D ...
[00:17:05] len=77 line=1
  F0 47 7F 15 18 00 45 00 5B 23 23 23 23 2D 2D 5D ...
[00:17:05] len=77 line=1
  F0 47 7F 15 18 00 45 00 5B 23 23 23 23 2D 2D 5D ...
[00:17:05] len=77 line=1
  F0 47 7F 15 18 00 45 00 5B 23 23 23 23 2D 2D 5D ...
[00:17:05] len=77 line=1
  F0 47 7F 15 18 00 45 00 5B 23 23 23 2D 2D 2D 5D ...
[00:17:05] len=77 line=1
  F0 47 7F 15 18 00 45 00 5B 23 23 23 2D 2D 2D 5D ...
[00:17:05] len=77 line=1
  F0 47 7F 15 18 00 45 00 5B 23 23 23 2D 2D 2D 5D ...
[00:17:05] len=77 line=1
  F0 47 7F 15 18 00 45 00 5B 23 23 23 2D 2D 2D 5D ...
[00:17:05] len=77 line=1
  F0 47 7F 15 18 00 45 00 5B 23 23 23 2D 2D 2D 5D ...
[00:17:05] len=77 line=1
  F0 47 7F 15 18 00 45 00 5B 23 23 23 2D 2D 2D 5D ...
[00:17:05] len=77 line=1
  F0 47 7F 15 18 00 45 00 5B 23 23 23 2D 2D 2D 5D ...
[00:17:05] len=77 line=1
  F0 47 7F 15 18 00 45 00 5B 23 23 2D 2D 2D 2D 5D ...
[00:17:05] len=77 line=1
  F0 47 7F 15 18 00 45 00 5B 23 23 2D 2D 2D 2D 5D ...
[00:17:05] len=77 line=1
  F0 47 7F 15 18 00 45 00 5B 23 23 2D 2D 2D 2D 5D ...
[00:17:05] len=77 line=1
  F0 47 7F 15 18 00 45 00 5B 23 23 2D 2D 2D 2D 5D ...
[00:17:05] len=77 line=1
  F0 47 7F 15 18 00 45 00 5B 23 23 2D 2D 2D 2D 5D ...
[00:17:05] len=77 line=1
  F0 47 7F 15 18 00 45 00 5B 23 23 2D 2D 2D 2D 5D ...
[00:17:05] len=77 line=1
  F0 47 7F 15 18 00 45 00 5B 23 23 2D 2D 2D 2D 5D ...
[00:17:05] len=77 line=1
  F0 47 7F 15 18 00 45 00 5B 23 23 2D 2D 2D 2D 5D ...
[00:17:05] len=77 line=1
  F0 47 7F 15 18 00 45 00 5B 23 23 2D 2D 2D 2D 5D ...
[00:17:05] len=77 line=1
  F0 47 7F 15 18 00 45 00 5B 23 23 2D 2D 2D 2D 5D ...
[00:17:05] len=77 line=1
  F0 47 7F 15 18 00 45 00 5B 23 23 23 2D 2D 2D 5D ...
[00:17:05] len=77 line=1
  F0 47 7F 15 18 00 45 00 5B 23 23 23 2D 2D 2D 5D ...
[00:17:05] len=77 line=1
  F0 47 7F 15 18 00 45 00 5B 23 23 23 2D 2D 2D 5D ...
[00:17:05] len=77 line=1
  F0 47 7F 15 18 00 45 00 5B 23 23 23 2D 2D 2D 5D ...
[00:17:05] len=77 line=1
  F0 47 7F 15 18 00 45 00 5B 23 23 23 23 2D 2D 5D ...
[00:17:05] len=77 line=1
  F0 47 7F 15 18 00 45 00 5B 23 23 23 23 2D 2D 5D ...
[00:17:05] len=77 line=1
  F0 47 7F 15 18 00 45 00 5B 23 23 23 23 23 2D 5D ...
[00:17:05] len=77 line=1
  F0 47 7F 15 18 00 45 00 5B 23 23 23 23 23 2D 5D ...
[00:17:05] len=77 line=1
  F0 47 7F 15 18 00 45 00 5B 23 23 23 23 23 23 5D ...
[00:17:05] len=77 line=1
  F0 47 7F 15 18 00 45 00 5B 23 23 23 23 23 23 5D ...
[00:17:05] len=77 line=1
  F0 47 7F 15 18 00 45 00 5B 23 23 23 23 23 23 5D ...
[00:17:05] len=77 line=1
  F0 47 7F 15 18 00 45 00 5B 23 23 23 23 23 23 5D ...
[00:17:05] len=77 line=1
  F0 47 7F 15 18 00 45 00 5B 23 23 23 23 23 23 5D ...
[00:17:05] len=77 line=1
  F0 47 7F 15 18 00 45 00 5B 23 23 23 23 23 23 5D ...
[00:17:05] len=77 line=1
  F0 47 7F 15 18 00 45 00 5B 23 23 23 23 23 23 5D ...
[00:17:05] len=77 line=1
  F0 47 7F 15 18 00 45 00 5B 23 23 23 23 23 23 5D ...
[00:17:05] len=77 line=1
  F0 47 7F 15 18 00 45 00 5B 23 23 23 23 23 23 5D ...
[00:17:05] len=77 line=1
  F0 47 7F 15 18 00 45 00 5B 23 23 23 23 23 23 5D ...
[00:17:05] len=77 line=1
  F0 47 7F 15 18 00 45 00 5B 23 23 23 23 23 23 5D ...
[00:17:05] len=77 line=1
  F0 47 7F 15 18 00 45 00 5B 23 23 23 23 23 23 5D ...
[00:17:05] len=77 line=1
  F0 47 7F 15 18 00 45 00 5B 23 23 23 23 23 23 5D ...
[00:17:05] len=77 line=1
  F0 47 7F 15 18 00 45 00 5B 23 23 23 23 23 23 5D ...
[00:17:06] len=77 line=1
  F0 47 7F 15 18 00 45 00 5B 23 23 23 23 23 23 5D ...
[00:17:06] len=77 line=1
  F0 47 7F 15 18 00 45 00 5B 23 23 23 23 23 23 5D ...
[00:17:06] len=77 line=1
  F0 47 7F 15 18 00 45 00 5B 23 23 23 23 23 23 5D ...
[00:17:06] len=77 line=1
  F0 47 7F 15 18 00 45 00 5B 23 23 23 23 23 23 5D ...
[00:17:06] len=77 line=1
  F0 47 7F 15 18 00 45 00 5B 23 23 23 23 23 23 5D ...
[00:17:06] len=77 line=1
  F0 47 7F 15 18 00 45 00 5B 23 23 23 23 23 23 5D ...
[00:17:06] len=77 line=1
  F0 47 7F 15 18 00 45 00 5B 23 23 23 23 23 23 5D ...
[00:17:06] len=77 line=1
  F0 47 7F 15 18 00 45 00 5B 23 23 23 23 23 23 5D ...
[00:17:06] len=77 line=1
  F0 47 7F 15 18 00 45 00 5B 23 23 23 23 23 23 5D ...
[00:17:06] len=77 line=1
  F0 47 7F 15 18 00 45 00 5B 23 23 23 23 23 23 5D ...
[00:17:06] len=77 line=1
  F0 47 7F 15 18 00 45 00 5B 23 23 23 23 23 23 5D ...
[00:17:06] len=77 line=1
  F0 47 7F 15 18 00 45 00 5B 23 23 23 23 23 23 5D ...
[00:17:06] len=77 line=1
  F0 47 7F 15 18 00 45 00 5B 23 23 23 23 23 23 5D ...
[00:17:06] len=77 line=1
  F0 47 7F 15 18 00 45 00 5B 23 23 23 23 23 23 5D ...
[00:17:06] len=77 line=1
  F0 47 7F 15 18 00 45 00 5B 23 23 23 23 23 23 5D ...
[00:17:06] len=77 line=1
  F0 47 7F 15 18 00 45 00 5B 23 23 23 23 23 23 5D ...
[00:17:06] len=77 line=1
  F0 47 7F 15 18 00 45 00 5B 23 23 23 23 23 23 5D ...
[00:17:06] len=77 line=1
  F0 47 7F 15 18 00 45 00 5B 23 23 23 23 23 23 5D ...
[00:17:06] len=77 line=1
  F0 47 7F 15 18 00 45 00 5B 23 23 23 23 23 23 5D ...
[00:17:06] len=77 line=1
  F0 47 7F 15 18 00 45 00 5B 23 23 23 23 23 23 5D ...
[00:17:06] len=77 line=1
  F0 47 7F 15 18 00 45 00 5B 23 23 23 23 23 23 5D ...
